   Compiling riley-cuda v0.1.0 (/tmp/riley-g04-attention-policy-source-260911/crates/riley-cuda)
warning: riley-cuda@0.1.0: riley-cuda: CUDA toolkit=/data/riley-g04-cuda13 nvcc=/data/riley-g04-cuda13/bin/nvcc
warning: riley-cuda@0.1.0: riley-cuda: CUDA AOT architectures=89 (compile targets only; no runtime device detection)
warning: riley-cuda@0.1.0: riley-cuda: cuBLASLt strategy=shared linker=/data/riley-g04-cuda13/lib/libcublasLt.so
warning: riley-cuda@0.1.0: riley-cuda: CUDA Runtime strategy=shared linker=/data/riley-g04-cuda13/lib/libcudart.so
warning: riley-cuda@0.1.0: riley-cuda: CUDA Driver linker=/usr/lib/x86_64-linux-gnu/libcuda.so
warning: methods `record_mlp` and `record_mlp_with_norm` are never used
    --> crates/riley-cuda/src/ffi.rs:9936:19
     |
9935 | impl GraphResourcesHandle {
     | ------------------------- methods in this implementation
9936 |     pub(super) fn record_mlp(
     |                   ^^^^^^^^^^
...
9946 |     pub(super) fn record_mlp_with_norm(
     |                   ^^^^^^^^^^^^^^^^^^^^
     |
     = note: `#[warn(dead_code)]` on by default

warning: methods `record_norm_qkv`, `record_qkv_with_rope`, and `record_qkv_with_cache` are never used
     --> crates/riley-cuda/src/ffi.rs:10240:19
      |
10239 | impl GraphResourcesHandle {
      | ------------------------- methods in this implementation
10240 |     pub(super) fn record_norm_qkv(
      |                   ^^^^^^^^^^^^^^^
...
10251 |     pub(super) fn record_qkv_with_rope(
      |                   ^^^^^^^^^^^^^^^^^^^^
...
10263 |     pub(super) fn record_qkv_with_cache(
      |                   ^^^^^^^^^^^^^^^^^^^^^

warning: function `riley_cuda_graph_capture_begin_indexed_rope_bf16` is never used
    --> crates/riley-cuda/src/ffi.rs:1541:8
     |
1541 |     fn riley_cuda_graph_capture_begin_indexed_rope_bf16(
     |        ^^^^^^^^^^^^^^^^^^^^^^^^^^^^^^^^^^^^^^^^^^^^^^^^

warning: `riley-cuda` (lib) generated 3 warnings
    Finished `release` profile [optimized + debuginfo] target(s) in 6.57s
     Running tests/serving_attention_replay_gpu.rs (/tmp/riley-g04-attention-policy-target/release/deps/serving_attention_replay_gpu-549d1b08d3fd80ac)

running 1 test
SERVING_REPLAY cases=270 zero_allocations=true performance_trials=0
test replay_actual_serving_attention ... ok

test result: ok. 1 passed; 0 failed; 0 ignored; 0 measured; 0 filtered out; finished in 0.26s

