   Compiling riley-cuda v0.1.0 (/tmp/riley-g01-native-260910/crates/riley-cuda)
warning: riley-cuda@0.1.0: riley-cuda: CUDA toolkit=/data/cuda-12.8.1 nvcc=/data/cuda-12.8.1/bin/nvcc
warning: riley-cuda@0.1.0: riley-cuda: CUDA AOT architectures=89 (compile targets only; no runtime device detection)
warning: riley-cuda@0.1.0: riley-cuda: cuBLASLt strategy=shared linker=/data/cuda-12.8.1/lib64/libcublasLt.so
warning: riley-cuda@0.1.0: riley-cuda: CUDA Runtime strategy=shared linker=/data/cuda-12.8.1/lib64/libcudart.so
warning: riley-cuda@0.1.0: riley-cuda: CUDA Driver linker=/data/cuda-12.8.1/targets/x86_64-linux/lib/stubs/libcuda.so
error[E0282]: type annotations needed for `&_`
   --> crates/riley-cuda/src/graph_resources.rs:338:27
    |
338 |                     .map(|b| b.native_handle())
    |                           ^    ------------- type must be known at this point
    |
help: consider giving this closure parameter an explicit type, where the placeholders `_` are specified
    |
338 |                     .map(|b: &_| b.native_handle())
    |                            ++++

For more information about this error, try `rustc --explain E0282`.
warning: riley-cuda@0.1.0: riley-cuda: CUDA toolkit=/data/cuda-12.8.1 nvcc=/data/cuda-12.8.1/bin/nvcc
warning: riley-cuda@0.1.0: riley-cuda: CUDA AOT architectures=89 (compile targets only; no runtime device detection)
warning: riley-cuda@0.1.0: riley-cuda: cuBLASLt strategy=shared linker=/data/cuda-12.8.1/lib64/libcublasLt.so
warning: riley-cuda@0.1.0: riley-cuda: CUDA Runtime strategy=shared linker=/data/cuda-12.8.1/lib64/libcudart.so
warning: riley-cuda@0.1.0: riley-cuda: CUDA Driver linker=/data/cuda-12.8.1/targets/x86_64-linux/lib/stubs/libcuda.so
error: could not compile `riley-cuda` (lib) due to 1 previous error
warning: build failed, waiting for other jobs to finish...
warning: riley-cuda@0.1.0: riley-cuda: CUDA toolkit=/data/cuda-12.8.1 nvcc=/data/cuda-12.8.1/bin/nvcc
warning: riley-cuda@0.1.0: riley-cuda: CUDA AOT architectures=89 (compile targets only; no runtime device detection)
warning: riley-cuda@0.1.0: riley-cuda: cuBLASLt strategy=shared linker=/data/cuda-12.8.1/lib64/libcublasLt.so
warning: riley-cuda@0.1.0: riley-cuda: CUDA Runtime strategy=shared linker=/data/cuda-12.8.1/lib64/libcudart.so
warning: riley-cuda@0.1.0: riley-cuda: CUDA Driver linker=/data/cuda-12.8.1/targets/x86_64-linux/lib/stubs/libcuda.so
error: could not compile `riley-cuda` (lib test) due to 1 previous error
