environment_id=rtx4090-ubuntu22-driver580-20260911-v2
os_id=ubuntu
os_version_id=22.04
kernel_release=6.8.0-138-generic
machine=x86_64
cpu_model=Intel Core i7-13700K
physical_cpu_cores=16
logical_cpu_threads=24
ram_bytes=67185594368
git_revision=1a2be0df01fe49daa4d4db155ad5c44f34ead6df
gpu_name=NVIDIA GeForce RTX 4090
compute_capability=8.9
memory_total_mib=24564
memory_used_mib=308
driver_version=580.173.02
persistence_mode=Disabled
temperature_c=47
power_limit_w=450.00
graphics_clock_mhz=[N/A]
memory_clock_mhz=[N/A]
cpu_governor=powersave
cpu_governor_policy_count=24
clock_synchronized=yes
staging_available_bytes=133883416576
staging_minimum_bytes=21474836480
