c1-fixed-r0-v52 3701 [('0x7940a002be19', 20.29), ('0x7ffdc7181b03', 4.92), ('0x7940a02608a0', 3.81), ('0x7940a026090e', 2.97), ('0x7940a02608d4', 2.86), ('0x7940a02609c0', 2.51), ('0x7940a001f6c3', 2.35), ('0x7940a02609dd', 2.27)]
c1-fixed-r0-candidate 3155 [('0x7a4958e2be19', 20.38), ('0x7a495906090e', 4.72), ('0x7fff40932b03', 4.28), ('0x7a49590608a0', 3.65), ('0x7a49590608d4', 2.63), ('0x7a49590609dd', 2.12), ('0x7a49590609c0', 2.12), ('__pthread_mutex_trylock@GLIBC_2', 2.03)]
c1-fixed-r1-candidate 3093 [('0x7adfe902be19', 21.86), ('0x7ffe180d4b03', 4.95), ('0x7adfe926090e', 4.43), ('0x7adfe92608a0', 3.94), ('0x7adfe92608d4', 3.39), ('0x7adfe92609dd', 2.3), ('0x7adfe92609c0', 2.13), ('0x7adfe92608b3', 2.07)]
c1-fixed-r1-v52 3638 [('0x757cda62be19', 21.39), ('0x7ffe5716db03', 4.62), ('0x757cda8608a0', 3.99), ('0x757cda86090e', 3.02), ('0x757cda61f6c3', 2.39), ('0x757cda8609c0', 2.36), ('0x757cda61f6a0', 2.31), ('0x757cda8608b3', 2.17)]
c1-natural-r0-v52 14137 [('0x7dd4c122be19', 20.62), ('0x7ffcd5586b03', 4.66), ('0x7dd4c146090e', 4.46), ('0x7dd4c14608a0', 4.18), ('0x7dd4c1221674', 3.01), ('0x7dd4c14608d4', 2.69), ('0x7dd4c121f6c3', 2.36), ('0x7dd4c14608b3', 2.27)]
c1-natural-r0-candidate 11969 [('0x797800a2be19', 21.56), ('0x7fff81f43b03', 4.66), ('0x797800c608a0', 3.99), ('0x797800c6090e', 3.55), ('0x797800c608d4', 2.66), ('0x797800c609c0', 2.4), ('0x797800a21674', 2.28), ('0x797800a1f6c3', 2.2)]
c1-natural-r1-candidate 11885 [('0x7a0e2ca2be19', 22.09), ('0x7ffc1c9b7b03', 4.51), ('0x7a0e2cc608a0', 4.3), ('0x7a0e2cc6090e', 3.06), ('0x7a0e2cc608d4', 2.76), ('0x7a0e2ca21674', 2.36), ('0x7a0e2ca1f6c3', 2.24), ('0x7a0e2cc609c0', 2.19)]
c1-natural-r1-v52 14135 [('0x74357f02be19', 21.32), ('0x7ffc37ddbb03', 4.51), ('0x74357f26090e', 4.17), ('0x74357f2608a0', 4.1), ('0x74357f021674', 2.77), ('0x74357f2608d4', 2.76), ('0x74357f2609dd', 2.14), ('0x74357f2609c0', 2.09)]
c8-fixed-r0-v52 712 [('0x7ab9ccc2be19', 22.05), ('0x7ab9cce6090e', 4.21), ('__memcmp_avx2_movbe', 3.51), ('0x7ab9cce608a0', 3.23), ('0x7ab9cce608b3', 2.95), ('0x7fffba5c7b03', 2.95), ('0x7ab9cce609c0', 2.53), ('0x7ab9cce608d4', 2.39)]
c8-fixed-r0-candidate 646 [('0x761adc02be19', 18.89), ('0x7fff4499eb03', 4.49), ('__memcmp_avx2_movbe', 4.02), ('0x761adc2608a0', 3.87), ('0x761adc2609c0', 3.1), ('0x761adc26090e', 2.94), ('0x761adc2608b3', 2.79), ('0x761adc2608d4', 2.63)]
c8-fixed-r1-candidate 633 [('0x76ed86e2be19', 20.38), ('0x7ffe79feab03', 4.42), ('0x76ed870608a0', 3.95), ('0x76ed8706090e', 3.79), ('0x76ed86e1f6c3', 3.32), ('0x76ed870608d4', 3.0), ('0x76ed870609dd', 3.0), ('__memcmp_avx2_movbe', 2.53)]
c8-fixed-r1-v52 675 [('0x747fa442be19', 20.15), ('0x7ffdc8d63b03', 4.3), ('0x747fa46608d4', 3.26), ('0x747fa466090e', 3.11), ('0x747fa46608b3', 3.11), ('0x747fa441f6c3', 2.96), ('0x747fa46608a0', 2.96), ('__memcmp_avx2_movbe', 2.67)]
c8-natural-r0-v52 2367 [('0x71c72642be19', 21.25), ('0x7fff4efcab03', 4.6), ('0x71c72666090e', 4.52), ('0x71c7266608a0', 4.44), ('0x71c72641f6a0', 2.7), ('0x71c7266608b3', 2.49), ('0x71c7266609dd', 2.11), ('0x71c72641f6c3', 1.9)]
c8-natural-r0-candidate 2094 [('0x78f5c2e2be19', 21.54), ('0x7fff52b5cb03', 5.97), ('0x78f5c30608a0', 4.15), ('0x78f5c306090e', 3.87), ('0x78f5c30608d4', 2.82), ('0x78f5c30609c0', 2.48), ('0x78f5c3060908', 2.15), ('0x78f5c2e1f6c3', 2.1)]
c8-natural-r1-candidate 2115 [('0x75489d82be19', 20.14), ('0x7ffc3a7d0b03', 4.73), ('0x75489da608a0', 3.64), ('0x75489da6090e', 3.59), ('0x75489da609c0', 2.46), ('0x75489da608d4', 2.36), ('0x75489da608b3', 2.27), ('0x75489da609dd', 2.08)]
c8-natural-r1-v52 2324 [('0x7a448d82be19', 22.85), ('0x7ffe5055eb03', 4.78), ('0x7a448da608a0', 3.79), ('0x7a448da6090e', 3.49), ('0x7a448da608d4', 3.36), ('0x7a448d81f6c3', 2.54), ('0x7a448d81f6a0', 2.15), ('0x7a448da609dd', 1.98)]
c16-fixed-r0-v52 471 [('0x7839fdc2be19', 20.81), ('0x7ffcf8723b03', 4.67), ('0x7839fde608a0', 4.25), ('0x7839fde608d4', 3.82), ('__memcmp_avx2_movbe', 2.97), ('_RNvNtCsj4u1SXYB1QN_11riley_model9tokenizer9pair_rank', 2.97), ('0x7839fdc1f6a0', 2.55), ('_RNvMs_NtCsj4u1SXYB1QN_11riley_model9tokenizerNtB4_16SmolLm2Tokenizer12encode_plain', 2.34)]
c16-fixed-r0-candidate 424 [('0x7dfde1c2be19', 24.06), ('0x7dfde1e6090e', 5.9), ('0x7dfde1e608a0', 4.48), ('__memcmp_avx2_movbe', 3.77), ('0x7fff89f8db03', 3.77), ('riley_model::tokenizer::pair_rank::h9128724cd5d61099', 3.54), ('0x7dfde1e608d4', 2.36), ('riley_model::tokenizer::SmolLm2Tokenizer::encode_plain::h3d251c7f22968e5c', 1.89)]
c16-fixed-r1-candidate 433 [('0x7dc11dc2be19', 21.25), ('0x7ffc79500b03', 6.24), ('0x7dc11de608a0', 5.54), ('__memcmp_avx2_movbe', 3.93), ('0x7dc11e99e150', 3.46), ('0x7dc11de608d4', 3.0), ('riley_model::tokenizer::pair_rank::h9128724cd5d61099', 2.77), ('riley_model::tokenizer::SmolLm2Tokenizer::encode_plain::h3d251c7f22968e5c', 2.77)]
c16-fixed-r1-v52 463 [('0x73756682be19', 18.79), ('0x737566a6090e', 6.7), ('0x737566a608a0', 4.32), ('0x7ffd99b56b03', 3.89), ('0x737566a608b3', 3.46), ('0x737566a608d4', 3.02), ('0x737566a609c0', 3.02), ('0x73756681f6a0', 2.81)]
c16-natural-r0-v52 1534 [('0x78a0b022be19', 19.95), ('0x7ffe039f9b03', 4.95), ('0x78a0b046090e', 4.43), ('0x78a0b04608a0', 3.72), ('0x78a0b04608d4', 2.74), ('0x78a0b04609c0', 2.28), ('0x78a0b021f6a0', 1.89), ('0x78a0b021f6c3', 1.83)]
c16-natural-r0-candidate 1337 [('0x7096ac82be19', 20.87), ('0x7ffe94b5cb03', 4.56), ('0x7096aca608a0', 3.89), ('0x7096aca608d4', 3.22), ('0x7096aca608b3', 2.99), ('0x7096aca6090e', 2.62), ('0x7096aca609c0', 1.94), ('0x7096ad59e150', 1.72)]
c16-natural-r1-candidate 1336 [('0x76f2dd42be19', 21.48), ('0x76f2dd6608a0', 3.97), ('0x7ffe0a7d9b03', 3.82), ('0x76f2dd6608d4', 2.77), ('0x76f2dd66090e', 2.69), ('0x76f2dd6608b3', 2.4), ('0x76f2dd6609dd', 2.25), ('0x76f2dd41f6a0', 2.1)]
c16-natural-r1-v52 1504 [('0x7bc10b42be19', 20.01), ('0x7bc10b6608a0', 5.05), ('0x7ffcf0ab5b03', 4.59), ('0x7bc10b66090e', 4.45), ('0x7bc10b6609c0', 2.26), ('0x7bc10b6608d4', 2.19), ('0x7bc10b41f6a0', 2.13), ('0x7bc10b41f6c3', 2.06)]
c32-fixed-r0-v52 340 [('0x73e833e2be19', 23.24), ('__memcmp_avx2_movbe', 5.29), ('0x7fff9d7ecb03', 5.29), ('0x73e8340608d4', 4.12), ('0x73e83406090e', 3.53), ('_RNvNtCsj4u1SXYB1QN_11riley_model9tokenizer9pair_rank', 3.24), ('0x73e834b9e150', 2.65), ('0x73e8340608a0', 2.65)]
c32-fixed-r0-candidate 333 [('0x76fdf1e2be19', 22.52), ('0x7ffe3b7adb03', 6.01), ('0x76fdf20608d4', 4.5), ('0x76fdf20608a0', 4.2), ('__memcmp_avx2_movbe', 3.9), ('0x76fdf206090e', 3.9), ('riley_model::tokenizer::SmolLm2Tokenizer::encode_plain::h3d251c7f22968e5c', 3.6), ('riley_model::tokenizer::pair_rank::h9128724cd5d61099', 2.7)]
c32-fixed-r1-candidate 327 [('0x7a6f5b42be19', 23.85), ('0x7a6f5b6608a0', 4.89), ('0x7ffc19330b03', 4.28), ('riley_model::tokenizer::pair_rank::h9128724cd5d61099', 3.98), ('__memcmp_avx2_movbe', 3.36), ('riley_model::tokenizer::SmolLm2Tokenizer::encode_plain::h3d251c7f22968e5c', 3.36), ('0x7a6f5b6608d4', 2.75), ('0x7a6f5b66090e', 2.75)]
c32-fixed-r1-v52 345 [('0x771d0002be19', 20.29), ('__memcmp_avx2_movbe', 6.09), ('0x7fff14ce4b03', 5.51), ('0x771d002608a0', 4.35), ('_RNvNtCsj4u1SXYB1QN_11riley_model9tokenizer9pair_rank', 3.48), ('0x771d0001f6a0', 3.48), ('0x771d0026090e', 2.9), ('0x771d002609c0', 2.61)]
c32-natural-r0-v52 1058 [('0x7f7998e2be19', 21.46), ('0x7f79990608a0', 4.35), ('0x7fffa89e4b03', 3.69), ('0x7f79990608b3', 3.02), ('0x7f79990609dd', 2.93), ('0x7f79990608d4', 2.55), ('0x7f799906090e', 2.36), ('0x7f79990609c0', 2.27)]
c32-natural-r0-candidate 1031 [('0x72a8bbc2be19', 20.47), ('0x7ffe93152b03', 4.56), ('0x72a8bbe608a0', 3.39), ('0x72a8bbe609c0', 3.01), ('0x72a8bbe6090e', 3.01), ('0x72a8bbe608b3', 2.52), ('0x72a8bbe609dd', 2.42), ('0x72a8bbe608d4', 2.23)]
c32-natural-r1-candidate 1027 [('0x73b513e2be19', 19.47), ('0x73b5140608a0', 4.77), ('0x7ffffe108b03', 4.58), ('0x73b51406090e', 3.6), ('0x73b5140609c0', 3.31), ('0x73b5140608d4', 2.73), ('0x73b5140608b3', 2.34), ('0x73b5140609dd', 2.34)]
c32-natural-r1-v52 1092 [('0x78967382be19', 19.69), ('0x7ffe94de7b03', 4.12), ('0x789673a608a0', 3.21), ('0x789673a6090e', 3.11), ('0x789673a608d4', 3.02), ('__memcmp_avx2_movbe', 2.56), ('0x789673a608b3', 1.92), ('0x78967381f6c3', 1.92)]
