CHECK prefill=128 decode=31 start=384 context=1024 repeat=0 mode=1 mismatches=0 coverage_errors=0 release_mismatches=0 error=0 sms_saw_both_roles=0
CHECK prefill=128 decode=31 start=384 context=1024 repeat=0 mode=2 mismatches=0 coverage_errors=0 release_mismatches=0 error=0 sms_saw_both_roles=0
CHECK prefill=128 decode=31 start=384 context=1024 repeat=0 mode=3 mismatches=0 coverage_errors=0 release_mismatches=0 error=0 sms_saw_both_roles=0
CHECK prefill=128 decode=31 start=384 context=1024 repeat=1 mode=1 mismatches=0 coverage_errors=0 release_mismatches=0 error=0 sms_saw_both_roles=0
CHECK prefill=128 decode=31 start=384 context=1024 repeat=1 mode=2 mismatches=0 coverage_errors=0 release_mismatches=0 error=0 sms_saw_both_roles=0
CHECK prefill=128 decode=31 start=384 context=1024 repeat=1 mode=3 mismatches=0 coverage_errors=0 release_mismatches=0 error=0 sms_saw_both_roles=0
TIME prefill=128 decode=31 start=384 context=1024 order=0 mode=0 graph_us=82.227196
TIME prefill=128 decode=31 start=384 context=1024 order=0 mode=1 graph_us=80.977913
TIME prefill=128 decode=31 start=384 context=1024 order=0 mode=2 graph_us=83.394562
TIME prefill=128 decode=31 start=384 context=1024 order=0 mode=3 graph_us=82.884483
TIME prefill=128 decode=31 start=384 context=1024 order=1 mode=3 graph_us=82.268166
TIME prefill=128 decode=31 start=384 context=1024 order=1 mode=2 graph_us=83.456009
TIME prefill=128 decode=31 start=384 context=1024 order=1 mode=1 graph_us=80.773125
TIME prefill=128 decode=31 start=384 context=1024 order=1 mode=0 graph_us=82.183670
CHECK prefill=398 decode=31 start=0 context=1024 repeat=0 mode=1 mismatches=0 coverage_errors=0 release_mismatches=0 error=0 sms_saw_both_roles=0
CHECK prefill=398 decode=31 start=0 context=1024 repeat=0 mode=2 mismatches=0 coverage_errors=0 release_mismatches=0 error=0 sms_saw_both_roles=0
CHECK prefill=398 decode=31 start=0 context=1024 repeat=0 mode=3 mismatches=0 coverage_errors=0 release_mismatches=0 error=0 sms_saw_both_roles=0
CHECK prefill=398 decode=31 start=0 context=1024 repeat=1 mode=1 mismatches=0 coverage_errors=0 release_mismatches=0 error=0 sms_saw_both_roles=0
CHECK prefill=398 decode=31 start=0 context=1024 repeat=1 mode=2 mismatches=0 coverage_errors=0 release_mismatches=0 error=0 sms_saw_both_roles=0
CHECK prefill=398 decode=31 start=0 context=1024 repeat=1 mode=3 mismatches=0 coverage_errors=0 release_mismatches=0 error=0 sms_saw_both_roles=0
TIME prefill=398 decode=31 start=0 context=1024 order=0 mode=0 graph_us=95.969276
TIME prefill=398 decode=31 start=0 context=1024 order=0 mode=1 graph_us=90.501114
TIME prefill=398 decode=31 start=0 context=1024 order=0 mode=2 graph_us=85.372803
TIME prefill=398 decode=31 start=0 context=1024 order=0 mode=3 graph_us=84.951035
TIME prefill=398 decode=31 start=0 context=1024 order=1 mode=3 graph_us=84.172806
TIME prefill=398 decode=31 start=0 context=1024 order=1 mode=2 graph_us=85.048965
TIME prefill=398 decode=31 start=0 context=1024 order=1 mode=1 graph_us=90.439674
TIME prefill=398 decode=31 start=0 context=1024 order=1 mode=0 graph_us=94.658554
CHECK prefill=480 decode=31 start=16 context=1024 repeat=0 mode=1 mismatches=0 coverage_errors=0 release_mismatches=0 error=0 sms_saw_both_roles=0
CHECK prefill=480 decode=31 start=16 context=1024 repeat=0 mode=2 mismatches=0 coverage_errors=0 release_mismatches=0 error=0 sms_saw_both_roles=0
CHECK prefill=480 decode=31 start=16 context=1024 repeat=0 mode=3 mismatches=0 coverage_errors=0 release_mismatches=0 error=0 sms_saw_both_roles=0
CHECK prefill=480 decode=31 start=16 context=1024 repeat=1 mode=1 mismatches=0 coverage_errors=0 release_mismatches=0 error=0 sms_saw_both_roles=0
CHECK prefill=480 decode=31 start=16 context=1024 repeat=1 mode=2 mismatches=0 coverage_errors=0 release_mismatches=0 error=0 sms_saw_both_roles=0
CHECK prefill=480 decode=31 start=16 context=1024 repeat=1 mode=3 mismatches=0 coverage_errors=0 release_mismatches=0 error=0 sms_saw_both_roles=0
TIME prefill=480 decode=31 start=16 context=1024 order=0 mode=0 graph_us=96.419846
TIME prefill=480 decode=31 start=16 context=1024 order=0 mode=1 graph_us=96.437119
TIME prefill=480 decode=31 start=16 context=1024 order=0 mode=2 graph_us=86.896637
TIME prefill=480 decode=31 start=16 context=1024 order=0 mode=3 graph_us=87.040001
TIME prefill=480 decode=31 start=16 context=1024 order=1 mode=3 graph_us=88.166397
TIME prefill=480 decode=31 start=16 context=1024 order=1 mode=2 graph_us=86.507523
TIME prefill=480 decode=31 start=16 context=1024 order=1 mode=1 graph_us=96.030724
TIME prefill=480 decode=31 start=16 context=1024 order=1 mode=0 graph_us=96.542725
CHECK prefill=512 decode=0 start=0 context=512 repeat=0 mode=1 mismatches=0 coverage_errors=0 release_mismatches=0 error=0 sms_saw_both_roles=0
CHECK prefill=512 decode=0 start=0 context=512 repeat=0 mode=2 mismatches=0 coverage_errors=0 release_mismatches=0 error=0 sms_saw_both_roles=0
CHECK prefill=512 decode=0 start=0 context=512 repeat=0 mode=3 mismatches=0 coverage_errors=0 release_mismatches=0 error=0 sms_saw_both_roles=0
CHECK prefill=512 decode=0 start=0 context=512 repeat=1 mode=1 mismatches=0 coverage_errors=0 release_mismatches=0 error=0 sms_saw_both_roles=0
CHECK prefill=512 decode=0 start=0 context=512 repeat=1 mode=2 mismatches=0 coverage_errors=0 release_mismatches=0 error=0 sms_saw_both_roles=0
CHECK prefill=512 decode=0 start=0 context=512 repeat=1 mode=3 mismatches=0 coverage_errors=0 release_mismatches=0 error=0 sms_saw_both_roles=0
TIME prefill=512 decode=0 start=0 context=512 order=0 mode=0 graph_us=53.022720
TIME prefill=512 decode=0 start=0 context=512 order=0 mode=1 graph_us=51.240955
TIME prefill=512 decode=0 start=0 context=512 order=0 mode=2 graph_us=57.712643
TIME prefill=512 decode=0 start=0 context=512 order=0 mode=3 graph_us=51.343361
TIME prefill=512 decode=0 start=0 context=512 order=1 mode=3 graph_us=51.589123
TIME prefill=512 decode=0 start=0 context=512 order=1 mode=2 graph_us=57.343998
TIME prefill=512 decode=0 start=0 context=512 order=1 mode=1 graph_us=51.056637
TIME prefill=512 decode=0 start=0 context=512 order=1 mode=0 graph_us=51.900803
OCCUPANCY original_ctas_per_sm=14 candidate_ctas_per_sm=11 original_warps_per_sm=14 candidate_warps_per_sm=11
DIRECT registers=127 shared_bytes=12288 local_bytes=0
DONE cases=8 registers=128 shared_bytes=8192 local_bytes=0 workspace_bytes=122900
