{"verified_successor_pids": [4087125, 4087139, 4087140]}
{"stopped": [4087125, 4087139, 4087140], "recovery_seconds": 1800}
{"starting": "off-before", "diagnostic": true}
{"completed": "off-before"}
{"starting": "qkv", "diagnostic": true}
{"completed": "qkv"}
{"starting": "rope_kv", "diagnostic": true}
{"completed": "rope_kv"}
{"starting": "attention", "diagnostic": true}
{"completed": "attention"}
{"starting": "o", "diagnostic": true}
{"completed": "o"}
{"starting": "post_norm", "diagnostic": true}
{"completed": "post_norm"}
{"starting": "gate_up", "diagnostic": true}
{"completed": "gate_up"}
{"starting": "swiglu", "diagnostic": true}
{"completed": "swiglu"}
{"starting": "down", "diagnostic": true}
{"completed": "down"}
{"starting": "next_norm", "diagnostic": true}
{"completed": "next_norm"}
{"starting": "head", "diagnostic": true}
{"completed": "head"}
{"starting": "off-after", "diagnostic": true}
{"completed": "off-after"}
{"alive_and_listening": true, "commands_and_gui_environment_match": true, "processes": [{"original_pid": 4087125, "port": 9876, "tag": "c833199d98ca4b78b14b175121470c2a", "launch_intent": true, "new_pid": 4128432, "start": "80878798"}, {"original_pid": 4087139, "port": 9911, "tag": "962946f8b4864072bc28e37e420ef7bd", "launch_intent": true, "new_pid": 4128433, "start": "80878803"}, {"original_pid": 4087140, "port": 9887, "tag": "b6e77b9000714f158f7f6d60e60b3550", "launch_intent": true, "new_pid": 4128445, "start": "80878806"}], "time": 1789151636.6326623}
