warning: riley-cuda@0.1.0: riley-cuda: CUDA toolkit=/data/riley-g04-cuda13 nvcc=/data/riley-g04-cuda13/bin/nvcc
warning: riley-cuda@0.1.0: riley-cuda: CUDA AOT architectures=89 (compile targets only; no runtime device detection)
warning: riley-cuda@0.1.0: riley-cuda: cuBLASLt strategy=shared linker=/data/riley-g04-cuda13/lib/libcublasLt.so
warning: riley-cuda@0.1.0: riley-cuda: CUDA Runtime strategy=shared linker=/data/riley-g04-cuda13/lib/libcudart.so
warning: riley-cuda@0.1.0: riley-cuda: CUDA Driver linker=/usr/lib/x86_64-linux-gnu/libcuda.so
   Compiling riley-cuda v0.1.0 (/tmp/riley-opt-260912/multisequence-shared-source-v10/crates/riley-cuda)
warning: methods `record_mlp` and `record_mlp_with_norm` are never used
     --> crates/riley-cuda/src/ffi.rs:10120:19
      |
10119 | impl GraphResourcesHandle {
      | ------------------------- methods in this implementation
10120 |     pub(super) fn record_mlp(
      |                   ^^^^^^^^^^
...
10130 |     pub(super) fn record_mlp_with_norm(
      |                   ^^^^^^^^^^^^^^^^^^^^
      |
      = note: `#[warn(dead_code)]` on by default

warning: methods `record_norm_qkv`, `record_qkv_with_rope`, and `record_qkv_with_cache` are never used
     --> crates/riley-cuda/src/ffi.rs:10424:19
      |
10423 | impl GraphResourcesHandle {
      | ------------------------- methods in this implementation
10424 |     pub(super) fn record_norm_qkv(
      |                   ^^^^^^^^^^^^^^^
...
10435 |     pub(super) fn record_qkv_with_rope(
      |                   ^^^^^^^^^^^^^^^^^^^^
...
10447 |     pub(super) fn record_qkv_with_cache(
      |                   ^^^^^^^^^^^^^^^^^^^^^

warning: function `riley_cuda_graph_capture_begin_indexed_rope_bf16` is never used
    --> crates/riley-cuda/src/ffi.rs:1541:8
     |
1541 |     fn riley_cuda_graph_capture_begin_indexed_rope_bf16(
     |        ^^^^^^^^^^^^^^^^^^^^^^^^^^^^^^^^^^^^^^^^^^^^^^^^

warning: `riley-cuda` (lib) generated 3 warnings
    Finished `release` profile [optimized + debuginfo] target(s) in 5.09s
     Running tests/shared_graph_contract_gpu.rs (/tmp/riley-opt-260912/multisequence-shared-target-v10/release/deps/shared_graph_contract_gpu-a8efa2e0000841dd)

running 1 test
test shared_decode_capture_and_rejection ... MULTI_FULL_DAG zero_weight_cases=6 replays=18 malformed_packets_rejected=18 invalid_plan_bindings=12 model_parity=false
ok

test result: ok. 1 passed; 0 failed; 0 ignored; 0 measured; 0 filtered out; finished in 0.34s

