ptxas info    : 0 bytes gmem
ptxas info    : 25 bytes gmem, 200 bytes cmem[4]
ptxas info    : Compiling entry function '_ZN24riley_flashinfer_prefill7prepareILb1EEEvPKjPNS_8MetadataEjjPj' for 'sm_89'
ptxas info    : Function properties for _ZN24riley_flashinfer_prefill7prepareILb1EEEvPKjPNS_8MetadataEjjPj
    0 bytes stack frame, 0 bytes spill stores, 0 bytes spill loads
ptxas info    : Used 30 registers, used 0 barriers, 384 bytes cmem[0]
ptxas info    : Compile time = 11.739 ms
ptxas info    : Compiling entry function '_ZN24riley_flashinfer_prefill7prepareILb0EEEvPKjPNS_8MetadataEjjPj' for 'sm_89'
ptxas info    : Function properties for _ZN24riley_flashinfer_prefill7prepareILb0EEEvPKjPNS_8MetadataEjjPj
    0 bytes stack frame, 0 bytes spill stores, 0 bytes spill loads
ptxas info    : Used 30 registers, used 0 barriers, 384 bytes cmem[0]
ptxas info    : Compile time = 10.669 ms
ptxas info    : Compiling entry function '_ZN10flashinfer34BatchPrefillWithPagedKVCacheKernelINS_12KernelTraitsILNS_8MaskModeE1ELj64ELj1ELj2ELj4ELj4ELj4ELj1ELNS_15PosEncodingModeE0E13__nv_bfloat16S4_S4_fiNS_16DefaultAttentionILb0ELb0ELb0ELb0EEEEENS_23BatchPrefillPagedParamsIS4_S4_S4_iEEEEvT0_' for 'sm_89'
ptxas info    : Function properties for _ZN10flashinfer34BatchPrefillWithPagedKVCacheKernelINS_12KernelTraitsILNS_8MaskModeE1ELj64ELj1ELj2ELj4ELj4ELj4ELj1ELNS_15PosEncodingModeE0E13__nv_bfloat16S4_S4_fiNS_16DefaultAttentionILb0ELb0ELb0ELb0EEEEENS_23BatchPrefillPagedParamsIS4_S4_S4_iEEEEvT0_
    0 bytes stack frame, 0 bytes spill stores, 0 bytes spill loads
ptxas info    : Used 123 registers, used 1 barriers, 704 bytes cmem[0]
ptxas info    : Compile time = 37.168 ms
ptxas info    : Compiling entry function '_ZN10flashinfer34BatchPrefillWithPagedKVCacheKernelINS_12KernelTraitsILNS_8MaskModeE1ELj64ELj1ELj4ELj4ELj4ELj4ELj1ELNS_15PosEncodingModeE0E13__nv_bfloat16S4_S4_fiNS_16DefaultAttentionILb0ELb0ELb0ELb0EEEEENS_23BatchPrefillPagedParamsIS4_S4_S4_iEEEEvT0_' for 'sm_89'
ptxas info    : Function properties for _ZN10flashinfer34BatchPrefillWithPagedKVCacheKernelINS_12KernelTraitsILNS_8MaskModeE1ELj64ELj1ELj4ELj4ELj4ELj4ELj1ELNS_15PosEncodingModeE0E13__nv_bfloat16S4_S4_fiNS_16DefaultAttentionILb0ELb0ELb0ELb0EEEEENS_23BatchPrefillPagedParamsIS4_S4_S4_iEEEEvT0_
    0 bytes stack frame, 0 bytes spill stores, 0 bytes spill loads
ptxas info    : Used 167 registers, used 1 barriers, 704 bytes cmem[0]
ptxas info    : Compile time = 61.023 ms
ptxas info    : Compiling entry function '_ZN10flashinfer41PersistentVariableLengthMergeStatesKernelILj16ELj32ELj4ELj4E13__nv_bfloat16S1_iEEvPT3_PfPT5_PT4_S4_jPjj' for 'sm_89'
ptxas info    : Function properties for _ZN10flashinfer41PersistentVariableLengthMergeStatesKernelILj16ELj32ELj4ELj4E13__nv_bfloat16S1_iEEvPT3_PfPT5_PT4_S4_jPjj
    0 bytes stack frame, 0 bytes spill stores, 0 bytes spill loads
ptxas info    : Used 54 registers, used 1 barriers, 412 bytes cmem[0]
ptxas info    : Compile time = 21.478 ms
ptxas info    : Compiling entry function '_ZN10flashinfer41PersistentVariableLengthMergeStatesKernelILj8ELj32ELj4ELj4E13__nv_bfloat16S1_iEEvPT3_PfPT5_PT4_S4_jPjj' for 'sm_89'
ptxas info    : Function properties for _ZN10flashinfer41PersistentVariableLengthMergeStatesKernelILj8ELj32ELj4ELj4E13__nv_bfloat16S1_iEEvPT3_PfPT5_PT4_S4_jPjj
    0 bytes stack frame, 0 bytes spill stores, 0 bytes spill loads
ptxas info    : Used 40 registers, used 1 barriers, 412 bytes cmem[0]
ptxas info    : Compile time = 16.558 ms
ptxas info    : Compiling entry function '_ZN10flashinfer41PersistentVariableLengthMergeStatesKernelILj8ELj16ELj8ELj4E13__nv_bfloat16S1_iEEvPT3_PfPT5_PT4_S4_jPjj' for 'sm_89'
ptxas info    : Function properties for _ZN10flashinfer41PersistentVariableLengthMergeStatesKernelILj8ELj16ELj8ELj4E13__nv_bfloat16S1_iEEvPT3_PfPT5_PT4_S4_jPjj
    0 bytes stack frame, 0 bytes spill stores, 0 bytes spill loads
ptxas info    : Used 40 registers, used 1 barriers, 412 bytes cmem[0]
ptxas info    : Compile time = 18.898 ms
ptxas info    : Compiling entry function '_ZN10flashinfer41PersistentVariableLengthMergeStatesKernelILj8ELj8ELj16ELj4E13__nv_bfloat16S1_iEEvPT3_PfPT5_PT4_S4_jPjj' for 'sm_89'
ptxas info    : Function properties for _ZN10flashinfer41PersistentVariableLengthMergeStatesKernelILj8ELj8ELj16ELj4E13__nv_bfloat16S1_iEEvPT3_PfPT5_PT4_S4_jPjj
    0 bytes stack frame, 0 bytes spill stores, 0 bytes spill loads
ptxas info    : Used 48 registers, used 1 barriers, 412 bytes cmem[0]
ptxas info    : Compile time = 23.289 ms
ptxas info    : Compiling entry function '_ZN10flashinfer34BatchPrefillWithPagedKVCacheKernelINS_12KernelTraitsILNS_8MaskModeE1ELj64ELj1ELj8ELj4ELj4ELj4ELj1ELNS_15PosEncodingModeE0E13__nv_bfloat16S4_S4_fiNS_16DefaultAttentionILb0ELb0ELb0ELb0EEEEENS_23BatchPrefillPagedParamsIS4_S4_S4_iEEEEvT0_' for 'sm_89'
ptxas info    : Function properties for _ZN10flashinfer34BatchPrefillWithPagedKVCacheKernelINS_12KernelTraitsILNS_8MaskModeE1ELj64ELj1ELj8ELj4ELj4ELj4ELj1ELNS_15PosEncodingModeE0E13__nv_bfloat16S4_S4_fiNS_16DefaultAttentionILb0ELb0ELb0ELb0EEEEENS_23BatchPrefillPagedParamsIS4_S4_S4_iEEEEvT0_
    0 bytes stack frame, 0 bytes spill stores, 0 bytes spill loads
ptxas info    : Used 177 registers, used 1 barriers, 704 bytes cmem[0]
ptxas info    : Compile time = 109.881 ms
