   Compiling riley-cuda v0.1.0 (/tmp/riley-g01-native-260910/crates/riley-cuda)
warning: riley-cuda@0.1.0: riley-cuda: CUDA toolkit=/data/cuda-12.8.1 nvcc=/data/cuda-12.8.1/bin/nvcc
warning: riley-cuda@0.1.0: riley-cuda: CUDA AOT architectures=89 (compile targets only; no runtime device detection)
warning: riley-cuda@0.1.0: riley-cuda: cuBLASLt strategy=shared linker=/data/cuda-12.8.1/lib64/libcublasLt.so
warning: riley-cuda@0.1.0: riley-cuda: CUDA Runtime strategy=shared linker=/data/cuda-12.8.1/lib64/libcudart.so
warning: riley-cuda@0.1.0: riley-cuda: CUDA Driver linker=/data/cuda-12.8.1/targets/x86_64-linux/lib/stubs/libcuda.so
warning: function `riley_cuda_graph_capture_begin_indexed_rope_bf16` is never used
    --> crates/riley-cuda/src/ffi.rs:1541:8
     |
1541 |     fn riley_cuda_graph_capture_begin_indexed_rope_bf16(
     |        ^^^^^^^^^^^^^^^^^^^^^^^^^^^^^^^^^^^^^^^^^^^^^^^^
     |
     = note: `#[warn(dead_code)]` on by default

warning: `riley-cuda` (lib) generated 1 warning

running 3 tests
test owned_bf16_row_gather_argmax_d2h_graph_preserves_device_index_oob_raw_result_bytes ...     Finished `test` profile [unoptimized + debuginfo] target(s) in 10.49s
     Running tests/graph_gpu.rs (/tmp/riley-g01-native-260910-target/debug/deps/graph_gpu-c48d8cdb75122bfa)
c05-16-owned-bf16-row-gather-argmax-d2h-oob-result-bytes status=passed
ok
test owned_bf16_row_gather_argmax_d2h_graph_replays_raw_result_bytes_exactly_against_eager ... c05-16-owned-bf16-row-gather-argmax-d2h-fixed-address replays=64 input_rows=13 output_rows=7 vocabulary=257 status=passed
ok
test owned_bf16_row_gather_argmax_d2h_graph_requires_exact_pinned_results_and_recovers_every_resource ... c05-16-owned-bf16-row-gather-argmax-d2h-preflight-abort-recovery status=passed
ok

test result: ok. 3 passed; 0 failed; 0 ignored; 0 measured; 37 filtered out; finished in 0.10s

warning: riley-cuda@0.1.0: riley-cuda: CUDA toolkit=/data/cuda-12.8.1 nvcc=/data/cuda-12.8.1/bin/nvcc
warning: riley-cuda@0.1.0: riley-cuda: CUDA AOT architectures=89 (compile targets only; no runtime device detection)
warning: riley-cuda@0.1.0: riley-cuda: cuBLASLt strategy=shared linker=/data/cuda-12.8.1/lib64/libcublasLt.so
warning: riley-cuda@0.1.0: riley-cuda: CUDA Runtime strategy=shared linker=/data/cuda-12.8.1/lib64/libcudart.so
warning: riley-cuda@0.1.0: riley-cuda: CUDA Driver linker=/data/cuda-12.8.1/targets/x86_64-linux/lib/stubs/libcuda.so
warning: function `riley_cuda_graph_capture_begin_indexed_rope_bf16` is never used
    --> crates/riley-cuda/src/ffi.rs:1541:8
     |
1541 |     fn riley_cuda_graph_capture_begin_indexed_rope_bf16(
     |        ^^^^^^^^^^^^^^^^^^^^^^^^^^^^^^^^^^^^^^^^^^^^^^^^
     |
     = note: `#[warn(dead_code)]` on by default

warning: `riley-cuda` (lib) generated 1 warning
   Compiling riley-cuda v0.1.0 (/tmp/riley-g01-native-260910/crates/riley-cuda)

running 3 tests
test owned_bf16_embedding_status_d2h_graph_preserves_raw_oob_no_write_parity ...     Finished `test` profile [unoptimized + debuginfo] target(s) in 0.27s
     Running tests/graph_c05_20_gpu.rs (/tmp/riley-g01-native-260910-target/debug/deps/graph_c05_20_gpu-3173ff99a62f52d9)
ok
test owned_bf16_embedding_status_d2h_graph_recovers_preflight_and_abort_resources ... ok
test owned_bf16_embedding_status_d2h_graph_replays_byte_exact_against_eager ... ok

test result: ok. 3 passed; 0 failed; 0 ignored; 0 measured; 0 filtered out; finished in 0.08s

