ptxas info    : 0 bytes gmem
ptxas info    : Compiling entry function '_ZN21riley_adaptive_decode16projection_partsILi576ELi1536ELi320ELb1EEEvPK13__nv_bfloat16S3_PfPKj' for 'sm_89'
ptxas info    : Function properties for _ZN21riley_adaptive_decode16projection_partsILi576ELi1536ELi320ELb1EEEvPK13__nv_bfloat16S3_PfPKj
    0 bytes stack frame, 0 bytes spill stores, 0 bytes spill loads
ptxas info    : Used 64 registers, used 0 barriers, 384 bytes cmem[0]
ptxas info    : Compile time = 11.158 ms
ptxas info    : Compiling entry function '_ZN21riley_adaptive_decode16projection_partsILi576ELi576ELi128ELb0EEEvPK13__nv_bfloat16S3_PfPKj' for 'sm_89'
ptxas info    : Function properties for _ZN21riley_adaptive_decode16projection_partsILi576ELi576ELi128ELb0EEEvPK13__nv_bfloat16S3_PfPKj
    0 bytes stack frame, 0 bytes spill stores, 0 bytes spill loads
ptxas info    : Used 64 registers, used 0 barriers, 384 bytes cmem[0]
ptxas info    : Compile time = 10.361 ms
ptxas info    : Compiling entry function '_ZN21riley_adaptive_decode9qkv_partsEPK13__nv_bfloat16S2_S2_S2_PfPKj' for 'sm_89'
ptxas info    : Function properties for _ZN21riley_adaptive_decode9qkv_partsEPK13__nv_bfloat16S2_S2_S2_PfPKj
    0 bytes stack frame, 0 bytes spill stores, 0 bytes spill loads
ptxas info    : Used 59 registers, used 0 barriers, 400 bytes cmem[0]
ptxas info    : Compile time = 20.653 ms
ptxas info    : Compiling entry function '_ZN18riley_decode_shape6valuesEPKfPK13__nv_bfloat16PS2_PKjS7_' for 'sm_89'
ptxas info    : Function properties for _ZN18riley_decode_shape6valuesEPKfPK13__nv_bfloat16PS2_PKjS7_
    0 bytes stack frame, 0 bytes spill stores, 0 bytes spill loads
ptxas info    : Used 40 registers, used 0 barriers, 256 bytes smem, 392 bytes cmem[0]
ptxas info    : Compile time = 20.243 ms
ptxas info    : Compiling entry function '_ZN18riley_decode_shape6scoresEPK13__nv_bfloat16S2_PfPKjS5_' for 'sm_89'
ptxas info    : Function properties for _ZN18riley_decode_shape6scoresEPK13__nv_bfloat16S2_PfPKjS5_
    0 bytes stack frame, 0 bytes spill stores, 0 bytes spill loads
ptxas info    : Used 38 registers, used 0 barriers, 392 bytes cmem[0]
ptxas info    : Compile time = 3.475 ms
ptxas info    : Compiling entry function '_ZN19riley_prefill_shape15attention_shapeEPK13__nv_bfloat16S2_S2_PS0_iiPKiPKjS7_' for 'sm_89'
ptxas info    : Function properties for _ZN19riley_prefill_shape15attention_shapeEPK13__nv_bfloat16S2_S2_PS0_iiPKiPKjS7_
    0 bytes stack frame, 0 bytes spill stores, 0 bytes spill loads
ptxas info    : Used 80 registers, used 0 barriers, 3840 bytes smem, 416 bytes cmem[0]
ptxas info    : Compile time = 25.074 ms
ptxas info    : Compiling entry function '_Z25shared32_projection_partsILi576ELi1536ELi320ELb1EEvPK13__nv_bfloat16S2_PfPS0_PKj' for 'sm_89'
ptxas info    : Function properties for _Z25shared32_projection_partsILi576ELi1536ELi320ELb1EEvPK13__nv_bfloat16S2_PfPS0_PKj
    0 bytes stack frame, 0 bytes spill stores, 0 bytes spill loads
ptxas info    : Used 64 registers, used 0 barriers, 392 bytes cmem[0]
ptxas info    : Compile time = 6.662 ms
ptxas info    : Compiling entry function '_Z25shared32_projection_partsILi576ELi576ELi128ELb0EEvPK13__nv_bfloat16S2_PfPS0_PKj' for 'sm_89'
ptxas info    : Function properties for _Z25shared32_projection_partsILi576ELi576ELi128ELb0EEvPK13__nv_bfloat16S2_PfPS0_PKj
    0 bytes stack frame, 0 bytes spill stores, 0 bytes spill loads
ptxas info    : Used 64 registers, used 0 barriers, 392 bytes cmem[0]
ptxas info    : Compile time = 6.371 ms
ptxas info    : Compiling entry function '_Z18shared32_qkv_mergePKfP13__nv_bfloat16S2_S2_PKj' for 'sm_89'
ptxas info    : Function properties for _Z18shared32_qkv_mergePKfP13__nv_bfloat16S2_S2_PKj
    0 bytes stack frame, 0 bytes spill stores, 0 bytes spill loads
ptxas info    : Used 14 registers, used 0 barriers, 392 bytes cmem[0]
ptxas info    : Compile time = 1.097 ms
ptxas info    : Compiling entry function '_Z18shared32_qkv_partsPK13__nv_bfloat16S1_S1_S1_PfPKj' for 'sm_89'
ptxas info    : Function properties for _Z18shared32_qkv_partsPK13__nv_bfloat16S1_S1_S1_PfPKj
    0 bytes stack frame, 0 bytes spill stores, 0 bytes spill loads
ptxas info    : Used 59 registers, used 0 barriers, 400 bytes cmem[0]
ptxas info    : Compile time = 13.025 ms
ptxas info    : Compiling entry function '_Z16shared32_gate_upPK13__nv_bfloat16S1_S1_PS_S2_PKj' for 'sm_89'
ptxas info    : Function properties for _Z16shared32_gate_upPK13__nv_bfloat16S1_S1_PS_S2_PKj
    0 bytes stack frame, 0 bytes spill stores, 0 bytes spill loads
ptxas info    : Used 34 registers, used 0 barriers, 400 bytes cmem[0]
ptxas info    : Compile time = 4.719 ms
