ptxas info    : 25 bytes gmem, 200 bytes cmem[4]
ptxas info    : Compiling entry function '_ZN24riley_flashinfer_prefill7prepareILb1EEEvPKjPNS_8MetadataEjjPj' for 'sm_89'
ptxas info    : Function properties for _ZN24riley_flashinfer_prefill7prepareILb1EEEvPKjPNS_8MetadataEjjPj
    0 bytes stack frame, 0 bytes spill stores, 0 bytes spill loads
ptxas info    : Used 30 registers, used 0 barriers, 384 bytes cmem[0]
ptxas info    : Compile time = 9.273 ms
ptxas info    : Compiling entry function '_ZN24riley_flashinfer_prefill7prepareILb0EEEvPKjPNS_8MetadataEjjPj' for 'sm_89'
ptxas info    : Function properties for _ZN24riley_flashinfer_prefill7prepareILb0EEEvPKjPNS_8MetadataEjjPj
    0 bytes stack frame, 0 bytes spill stores, 0 bytes spill loads
ptxas info    : Used 30 registers, used 0 barriers, 384 bytes cmem[0]
ptxas info    : Compile time = 8.279 ms
ptxas info    : Compiling entry function '_ZN10flashinfer34BatchPrefillWithPagedKVCacheKernelINS_12KernelTraitsILNS_8MaskModeE1ELj128ELj2ELj2ELj4ELj4ELj4ELj1ELNS_15PosEncodingModeE0E13__nv_bfloat16S4_S4_fiNS_16DefaultAttentionILb0ELb0ELb0ELb0EEEEENS_23BatchPrefillPagedParamsIS4_S4_S4_iEEEEvT0_' for 'sm_89'
ptxas info    : Function properties for _ZN10flashinfer34BatchPrefillWithPagedKVCacheKernelINS_12KernelTraitsILNS_8MaskModeE1ELj128ELj2ELj2ELj4ELj4ELj4ELj1ELNS_15PosEncodingModeE0E13__nv_bfloat16S4_S4_fiNS_16DefaultAttentionILb0ELb0ELb0ELb0EEEEENS_23BatchPrefillPagedParamsIS4_S4_S4_iEEEEvT0_
    0 bytes stack frame, 0 bytes spill stores, 0 bytes spill loads
ptxas info    : Used 176 registers, used 1 barriers, 704 bytes cmem[0]
ptxas info    : Compile time = 71.684 ms
ptxas info    : Compiling entry function '_ZN10flashinfer34BatchPrefillWithPagedKVCacheKernelINS_12KernelTraitsILNS_8MaskModeE1ELj128ELj2ELj4ELj4ELj4ELj4ELj1ELNS_15PosEncodingModeE0E13__nv_bfloat16S4_S4_fiNS_16DefaultAttentionILb0ELb0ELb0ELb0EEEEENS_23BatchPrefillPagedParamsIS4_S4_S4_iEEEEvT0_' for 'sm_89'
ptxas info    : Function properties for _ZN10flashinfer34BatchPrefillWithPagedKVCacheKernelINS_12KernelTraitsILNS_8MaskModeE1ELj128ELj2ELj4ELj4ELj4ELj4ELj1ELNS_15PosEncodingModeE0E13__nv_bfloat16S4_S4_fiNS_16DefaultAttentionILb0ELb0ELb0ELb0EEEEENS_23BatchPrefillPagedParamsIS4_S4_S4_iEEEEvT0_
    0 bytes stack frame, 0 bytes spill stores, 0 bytes spill loads
ptxas info    : Used 239 registers, used 1 barriers, 704 bytes cmem[0]
ptxas info    : Compile time = 126.801 ms
ptxas info    : Compiling entry function '_ZN10flashinfer41PersistentVariableLengthMergeStatesKernelILj16ELj32ELj4ELj4E13__nv_bfloat16S1_iEEvPT3_PfPT5_PT4_S4_jPjj' for 'sm_89'
ptxas info    : Function properties for _ZN10flashinfer41PersistentVariableLengthMergeStatesKernelILj16ELj32ELj4ELj4E13__nv_bfloat16S1_iEEvPT3_PfPT5_PT4_S4_jPjj
    0 bytes stack frame, 0 bytes spill stores, 0 bytes spill loads
ptxas info    : Used 54 registers, used 1 barriers, 412 bytes cmem[0]
ptxas info    : Compile time = 20.904 ms
ptxas info    : Compiling entry function '_ZN10flashinfer41PersistentVariableLengthMergeStatesKernelILj8ELj32ELj4ELj4E13__nv_bfloat16S1_iEEvPT3_PfPT5_PT4_S4_jPjj' for 'sm_89'
ptxas info    : Function properties for _ZN10flashinfer41PersistentVariableLengthMergeStatesKernelILj8ELj32ELj4ELj4E13__nv_bfloat16S1_iEEvPT3_PfPT5_PT4_S4_jPjj
    0 bytes stack frame, 0 bytes spill stores, 0 bytes spill loads
ptxas info    : Used 40 registers, used 1 barriers, 412 bytes cmem[0]
ptxas info    : Compile time = 16.478 ms
ptxas info    : Compiling entry function '_ZN10flashinfer41PersistentVariableLengthMergeStatesKernelILj8ELj16ELj8ELj4E13__nv_bfloat16S1_iEEvPT3_PfPT5_PT4_S4_jPjj' for 'sm_89'
ptxas info    : Function properties for _ZN10flashinfer41PersistentVariableLengthMergeStatesKernelILj8ELj16ELj8ELj4E13__nv_bfloat16S1_iEEvPT3_PfPT5_PT4_S4_jPjj
    0 bytes stack frame, 0 bytes spill stores, 0 bytes spill loads
ptxas info    : Used 40 registers, used 1 barriers, 412 bytes cmem[0]
ptxas info    : Compile time = 18.886 ms
ptxas info    : Compiling entry function '_ZN10flashinfer41PersistentVariableLengthMergeStatesKernelILj8ELj8ELj16ELj4E13__nv_bfloat16S1_iEEvPT3_PfPT5_PT4_S4_jPjj' for 'sm_89'
ptxas info    : Function properties for _ZN10flashinfer41PersistentVariableLengthMergeStatesKernelILj8ELj8ELj16ELj4E13__nv_bfloat16S1_iEEvPT3_PfPT5_PT4_S4_jPjj
    0 bytes stack frame, 0 bytes spill stores, 0 bytes spill loads
ptxas info    : Used 48 registers, used 1 barriers, 412 bytes cmem[0]
ptxas info    : Compile time = 23.127 ms
ptxas info    : Compiling entry function '_ZN10flashinfer34BatchPrefillWithPagedKVCacheKernelINS_12KernelTraitsILNS_8MaskModeE1ELj128ELj2ELj8ELj4ELj4ELj4ELj1ELNS_15PosEncodingModeE0E13__nv_bfloat16S4_S4_fiNS_16DefaultAttentionILb0ELb0ELb0ELb0EEEEENS_23BatchPrefillPagedParamsIS4_S4_S4_iEEEEvT0_' for 'sm_89'
ptxas info    : Function properties for _ZN10flashinfer34BatchPrefillWithPagedKVCacheKernelINS_12KernelTraitsILNS_8MaskModeE1ELj128ELj2ELj8ELj4ELj4ELj4ELj1ELNS_15PosEncodingModeE0E13__nv_bfloat16S4_S4_fiNS_16DefaultAttentionILb0ELb0ELb0ELb0EEEEENS_23BatchPrefillPagedParamsIS4_S4_S4_iEEEEvT0_
    168 bytes stack frame, 216 bytes spill stores, 200 bytes spill loads
ptxas info    : Used 255 registers, used 1 barriers, 168 bytes cumulative stack size, 704 bytes cmem[0]
ptxas info    : Compile time = 278.291 ms
