    Blocking waiting for file lock on build directory
   Compiling riley-cuda v0.1.0 (/tmp/riley-g01-native-260910/crates/riley-cuda)
warning: riley-cuda@0.1.0: riley-cuda: CUDA toolkit=/data/cuda-12.8.1 nvcc=/data/cuda-12.8.1/bin/nvcc
warning: riley-cuda@0.1.0: riley-cuda: CUDA AOT architectures=89 (compile targets only; no runtime device detection)
warning: riley-cuda@0.1.0: riley-cuda: cuBLASLt strategy=shared linker=/data/cuda-12.8.1/lib64/libcublasLt.so
warning: riley-cuda@0.1.0: riley-cuda: CUDA Runtime strategy=shared linker=/data/cuda-12.8.1/lib64/libcudart.so
warning: riley-cuda@0.1.0: riley-cuda: CUDA Driver linker=/data/cuda-12.8.1/targets/x86_64-linux/lib/stubs/libcuda.so
warning: function `riley_cuda_graph_capture_begin_indexed_rope_bf16` is never used
    --> crates/riley-cuda/src/ffi.rs:1524:8
     |
1524 |     fn riley_cuda_graph_capture_begin_indexed_rope_bf16(
     |        ^^^^^^^^^^^^^^^^^^^^^^^^^^^^^^^^^^^^^^^^^^^^^^^^
     |
     = note: `#[warn(dead_code)]` on by default

warning: `riley-cuda` (lib test) generated 1 warning
    Finished `test` profile [unoptimized + debuginfo] target(s) in 24.18s
     Running unittests src/lib.rs (/tmp/riley-g01-native-260910-target/debug/deps/riley_cuda-6dbae6b0417c0677)

running 1 test
test ffi::selected_gemm_native_gpu_tests::selected_gemm_native_preflight_abort_and_parent_lease ... ok

test result: ok. 1 passed; 0 failed; 0 ignored; 0 measured; 69 filtered out; finished in 0.17s

