16 {'cudaGraphLaunch': {'count': 417, 'median_us': 158.545, 'p95_us': 257.472}, 'cudaStreamSynchronize': {'count': 418, 'median_us': 1482.1865, 'p95_us': 4633.466}}
prefill_or_mixed 68 {'graph_us': 3635.936, 'kernel_us': 3457.887, 'copy_us': 6.56, 'd2h_us': 1.024, 'h2d_us': 5.568, 'memset_us': 0.32, 'idle_gap_us': 169.858, 'kernel_span_us': 3473.823, 'kernel_count': 306}
[
  {
    "kernel": "void riley_mixed_attention::mapped_attention<(bool)1>(const __nv_bfloat16 *, const __nv_bfloat16 *, const __nv_bfloat16 *, __nv_bfloat16 *, unsigned int, const unsigned int *)",
    "count": 1710,
    "mean_us": 44.2535216374269,
    "total_ms": 75.67352199999999
  },
  {
    "kernel": "void gemm_prefill_shape_vector<(int)576, (int)1536, (int)320, (int)2, (bool)1>(const __nv_bfloat16 *, const __nv_bfloat16 *, __nv_bfloat16 *, unsigned int, const unsigned int *)",
    "count": 1710,
    "mean_us": 20.427426900584795,
    "total_ms": 34.9309
  },
  {
    "kernel": "void riley_prefill51::gate_up<(int)4>(const __nv_bfloat16 *, const __nv_bfloat16 *, const __nv_bfloat16 *, __nv_bfloat16 *, unsigned int, const unsigned int *)",
    "count": 1710,
    "mean_us": 18.023713450292398,
    "total_ms": 30.82055
  },
  {
    "kernel": "void gemm_prefill_shape_vector<(int)192, (int)576, (int)192, (int)1, (bool)0>(const __nv_bfloat16 *, const __nv_bfloat16 *, __nv_bfloat16 *, unsigned int, const unsigned int *)",
    "count": 3420,
    "mean_us": 7.997614912280702,
    "total_ms": 27.351843000000002
  },
  {
    "kernel": "void gemm_prefill_shape_vector<(int)576, (int)576, (int)192, (int)2, (bool)0>(const __nv_bfloat16 *, const __nv_bfloat16 *, __nv_bfloat16 *, unsigned int, const unsigned int *)",
    "count": 1710,
    "mean_us": 10.94287192982456,
    "total_ms": 18.712311000000003
  },
  {
    "kernel": "void gemm_prefill_shape_vector<(int)576, (int)576, (int)128, (int)2, (bool)0>(const __nv_bfloat16 *, const __nv_bfloat16 *, __nv_bfloat16 *, unsigned int, const unsigned int *)",
    "count": 1710,
    "mean_us": 10.418269590643275,
    "total_ms": 17.815241
  }
]
decode 455 {'graph_us': 1632.943, 'kernel_us': 1448.908, 'copy_us': 6.176, 'd2h_us': 0.896, 'h2d_us': 4.32, 'memset_us': 0.32, 'idle_gap_us': 168.289, 'kernel_span_us': 1467.213, 'kernel_count': 336}
[
  {
    "kernel": "riley_gqa50_attention::independent_values(const float *, const __nv_bfloat16 *, __nv_bfloat16 *, const unsigned int *, const unsigned int *, const unsigned int *)",
    "count": 10830,
    "mean_us": 14.966773961218836,
    "total_ms": 162.09016200000002
  },
  {
    "kernel": "void shared32_gate_up_swiglu<(bool)1>(const __nv_bfloat16 *, const __nv_bfloat16 *, const __nv_bfloat16 *, __nv_bfloat16 *, const unsigned int *)",
    "count": 10830,
    "mean_us": 7.794368605724839,
    "total_ms": 84.41301200000001
  },
  {
    "kernel": "void shared32_projection_parts<(int)576, (int)1536, (int)320, (bool)1>(const __nv_bfloat16 *, const __nv_bfloat16 *, float *, __nv_bfloat16 *, const unsigned int *)",
    "count": 10830,
    "mean_us": 5.303498522622346,
    "total_ms": 57.436889
  },
  {
    "kernel": "riley_gqa50_attention::scores(const __nv_bfloat16 *, const __nv_bfloat16 *, float *, const unsigned int *, const unsigned int *, const unsigned int *)",
    "count": 10830,
    "mean_us": 3.9916041551246537,
    "total_ms": 43.229073
  },
  {
    "kernel": "shared32_qkv_parts(const __nv_bfloat16 *, const __nv_bfloat16 *, const __nv_bfloat16 *, const __nv_bfloat16 *, float *, const unsigned int *)",
    "count": 10830,
    "mean_us": 3.842687811634349,
    "total_ms": 41.616309
  },
  {
    "kernel": "void shared32_projection_parts<(int)576, (int)576, (int)128, (bool)0>(const __nv_bfloat16 *, const __nv_bfloat16 *, float *, __nv_bfloat16 *, const unsigned int *)",
    "count": 10830,
    "mean_us": 3.227594090489381,
    "total_ms": 34.954843999999994
  }
]
32 {'cudaGraphLaunch': {'count': 240, 'median_us': 156.13150000000002, 'p95_us': 276.163}, 'cudaStreamSynchronize': {'count': 241, 'median_us': 1632.707, 'p95_us': 4943.263}}
prefill_or_mixed 56 {'graph_us': 4889.547, 'kernel_us': 4721.642, 'copy_us': 6.752, 'd2h_us': 1.056, 'h2d_us': 5.664, 'memset_us': 0.352, 'idle_gap_us': 165.41, 'kernel_span_us': 4737.77, 'kernel_count': 306}
[
  {
    "kernel": "void riley_mixed_attention::mapped_attention<(bool)1>(const __nv_bfloat16 *, const __nv_bfloat16 *, const __nv_bfloat16 *, __nv_bfloat16 *, unsigned int, const unsigned int *)",
    "count": 1290,
    "mean_us": 45.01532403100775,
    "total_ms": 58.069768
  },
  {
    "kernel": "void gemm_prefill_shape_vector<(int)576, (int)1536, (int)320, (int)2, (bool)1>(const __nv_bfloat16 *, const __nv_bfloat16 *, __nv_bfloat16 *, unsigned int, const unsigned int *)",
    "count": 1290,
    "mean_us": 21.033436434108527,
    "total_ms": 27.133133
  },
  {
    "kernel": "void riley_prefill51::gate_up<(int)4>(const __nv_bfloat16 *, const __nv_bfloat16 *, const __nv_bfloat16 *, __nv_bfloat16 *, unsigned int, const unsigned int *)",
    "count": 1290,
    "mean_us": 20.796841860465115,
    "total_ms": 26.827925999999998
  },
  {
    "kernel": "void gemm_prefill_shape_vector<(int)192, (int)576, (int)192, (int)1, (bool)0>(const __nv_bfloat16 *, const __nv_bfloat16 *, __nv_bfloat16 *, unsigned int, const unsigned int *)",
    "count": 2580,
    "mean_us": 8.160218992248062,
    "total_ms": 21.053365000000003
  },
  {
    "kernel": "void gemm_prefill_shape_vector<(int)576, (int)576, (int)192, (int)2, (bool)0>(const __nv_bfloat16 *, const __nv_bfloat16 *, __nv_bfloat16 *, unsigned int, const unsigned int *)",
    "count": 1290,
    "mean_us": 11.538868992248062,
    "total_ms": 14.885140999999999
  },
  {
    "kernel": "void gemm_prefill_shape_vector<(int)576, (int)576, (int)128, (int)2, (bool)0>(const __nv_bfloat16 *, const __nv_bfloat16 *, __nv_bfloat16 *, unsigned int, const unsigned int *)",
    "count": 1290,
    "mean_us": 10.911239534883721,
    "total_ms": 14.075499
  }
]
decode 246 {'graph_us': 1774.8000000000002, 'kernel_us': 1591.0865, 'copy_us': 6.944, 'd2h_us': 0.96, 'h2d_us': 5.12, 'memset_us': 0.32, 'idle_gap_us': 165.63400000000001, 'kernel_span_us': 1609.5185000000001, 'kernel_count': 336.0}
[
  {
    "kernel": "riley_gqa50_attention::independent_values(const float *, const __nv_bfloat16 *, __nv_bfloat16 *, const unsigned int *, const unsigned int *, const unsigned int *)",
    "count": 5940,
    "mean_us": 15.266976094276094,
    "total_ms": 90.685838
  },
  {
    "kernel": "void shared32_gate_up_swiglu<(bool)1>(const __nv_bfloat16 *, const __nv_bfloat16 *, const __nv_bfloat16 *, __nv_bfloat16 *, const unsigned int *)",
    "count": 5940,
    "mean_us": 8.305066666666667,
    "total_ms": 49.33209600000001
  },
  {
    "kernel": "void shared32_projection_parts<(int)576, (int)1536, (int)320, (bool)1>(const __nv_bfloat16 *, const __nv_bfloat16 *, float *, __nv_bfloat16 *, const unsigned int *)",
    "count": 5940,
    "mean_us": 5.947796127946128,
    "total_ms": 35.329909
  },
  {
    "kernel": "riley_gqa50_attention::scores(const __nv_bfloat16 *, const __nv_bfloat16 *, float *, const unsigned int *, const unsigned int *, const unsigned int *)",
    "count": 5940,
    "mean_us": 5.605647138047138,
    "total_ms": 33.297544
  },
  {
    "kernel": "shared32_qkv_parts(const __nv_bfloat16 *, const __nv_bfloat16 *, const __nv_bfloat16 *, const __nv_bfloat16 *, float *, const unsigned int *)",
    "count": 5940,
    "mean_us": 4.215558585858586,
    "total_ms": 25.040418000000003
  },
  {
    "kernel": "void shared32_projection_parts<(int)576, (int)576, (int)128, (bool)0>(const __nv_bfloat16 *, const __nv_bfloat16 *, float *, __nv_bfloat16 *, const unsigned int *)",
    "count": 5940,
    "mean_us": 3.4400387205387206,
    "total_ms": 20.43383
  }
]
