   Compiling riley-cuda v0.1.0 (/tmp/riley-opt-260912/hardware-validation-source/crates/riley-cuda)
warning: riley-cuda@0.1.0: riley-cuda: CUDA toolkit=/data/riley-g04-cuda13 nvcc=/data/riley-g04-cuda13/bin/nvcc
warning: riley-cuda@0.1.0: riley-cuda: CUDA AOT architectures=89 (compile targets only; no runtime device detection)
warning: riley-cuda@0.1.0: riley-cuda: cuBLASLt strategy=shared linker=/data/riley-g04-cuda13/lib/libcublasLt.so
warning: riley-cuda@0.1.0: riley-cuda: CUDA Runtime strategy=shared linker=/data/riley-g04-cuda13/lib/libcudart.so
warning: riley-cuda@0.1.0: riley-cuda: CUDA Driver linker=/usr/lib/x86_64-linux-gnu/libcuda.so
warning: function `riley_cuda_graph_capture_begin_indexed_rope_bf16` is never used
    --> crates/riley-cuda/src/ffi.rs:1547:8
     |
1547 |     fn riley_cuda_graph_capture_begin_indexed_rope_bf16(
     |        ^^^^^^^^^^^^^^^^^^^^^^^^^^^^^^^^^^^^^^^^^^^^^^^^
     |
     = note: `#[warn(dead_code)]` on by default

warning: `riley-cuda` (lib test) generated 1 warning
    Finished `test` profile [unoptimized + debuginfo] target(s) in 5.46s
     Running unittests src/lib.rs (/tmp/riley-opt-260912/hardware-validation-target/debug/deps/riley_cuda-6dbae6b0417c0677)

running 2 tests
test ffi::aggregate_transfer_gpu_tests::aggregate_transfer_fresh_replay_membership_completion_and_cleanup ... ok
test ffi::aggregate_transfer_gpu_tests::buffered_transfer_two_submissions_preserve_unread_output_and_drain ... ok

test result: ok. 2 passed; 0 failed; 0 ignored; 0 measured; 87 filtered out; finished in 0.11s

