{
  "schema_version": "riley.glx-runtime-probe.v1",
  "completed": true,
  "window_created": false,
  "pbuffer_size": [
    1,
    1
  ],
  "display": ":1",
  "cleanup_completed": true,
  "driver_mappings": [
    "7b6599200000-7b65994ab000 r--p 00000000 103:02 10647963                  /tmp/riley-opt-260912/driver580173-gui-runtime-20260901/extracted/usr/lib/x86_64-linux-gnu/libnvidia-gpucomp.so.580.173.02",
    "7b65994ab000-7b659c599000 r-xp 002ab000 103:02 10647963                  /tmp/riley-opt-260912/driver580173-gui-runtime-20260901/extracted/usr/lib/x86_64-linux-gnu/libnvidia-gpucomp.so.580.173.02",
    "7b659c599000-7b659d409000 r--p 03399000 103:02 10647963                  /tmp/riley-opt-260912/driver580173-gui-runtime-20260901/extracted/usr/lib/x86_64-linux-gnu/libnvidia-gpucomp.so.580.173.02",
    "7b659d409000-7b659d40a000 ---p 04209000 103:02 10647963                  /tmp/riley-opt-260912/driver580173-gui-runtime-20260901/extracted/usr/lib/x86_64-linux-gnu/libnvidia-gpucomp.so.580.173.02",
    "7b659d40a000-7b659d5e1000 r--p 04209000 103:02 10647963                  /tmp/riley-opt-260912/driver580173-gui-runtime-20260901/extracted/usr/lib/x86_64-linux-gnu/libnvidia-gpucomp.so.580.173.02",
    "7b659d5e1000-7b659d6ec000 rw-p 043e0000 103:02 10647963                  /tmp/riley-opt-260912/driver580173-gui-runtime-20260901/extracted/usr/lib/x86_64-linux-gnu/libnvidia-gpucomp.so.580.173.02",
    "7b659d7be000-7b659d7c2000 r--p 00000000 103:02 10647940                  /tmp/riley-opt-260912/driver580173-gui-runtime-20260901/extracted/usr/lib/x86_64-linux-gnu/libnvidia-allocator.so.580.173.02",
    "7b659d7c2000-7b659d7db000 r-xp 00004000 103:02 10647940                  /tmp/riley-opt-260912/driver580173-gui-runtime-20260901/extracted/usr/lib/x86_64-linux-gnu/libnvidia-allocator.so.580.173.02",
    "7b659d7db000-7b659d7e6000 r--p 0001d000 103:02 10647940                  /tmp/riley-opt-260912/driver580173-gui-runtime-20260901/extracted/usr/lib/x86_64-linux-gnu/libnvidia-allocator.so.580.173.02",
    "7b659d7e6000-7b659d7e7000 r--p 00027000 103:02 10647940                  /tmp/riley-opt-260912/driver580173-gui-runtime-20260901/extracted/usr/lib/x86_64-linux-gnu/libnvidia-allocator.so.580.173.02",
    "7b659d7e7000-7b659d7e8000 rw-p 00028000 103:02 10647940                  /tmp/riley-opt-260912/driver580173-gui-runtime-20260901/extracted/usr/lib/x86_64-linux-gnu/libnvidia-allocator.so.580.173.02",
    "7b659d800000-7b659da59000 r-xp 00000000 103:02 10647960                  /tmp/riley-opt-260912/driver580173-gui-runtime-20260901/extracted/usr/lib/x86_64-linux-gnu/libnvidia-glcore.so.580.173.02",
    "7b659da59000-7b659da7a000 rwxp 00259000 103:02 10647960                  /tmp/riley-opt-260912/driver580173-gui-runtime-20260901/extracted/usr/lib/x86_64-linux-gnu/libnvidia-glcore.so.580.173.02",
    "7b659da7a000-7b659dc00000 r-xp 0027a000 103:02 10647960                  /tmp/riley-opt-260912/driver580173-gui-runtime-20260901/extracted/usr/lib/x86_64-linux-gnu/libnvidia-glcore.so.580.173.02",
    "7b659dc00000-7b659e800000 r-xp 00400000 103:02 10647960                  /tmp/riley-opt-260912/driver580173-gui-runtime-20260901/extracted/usr/lib/x86_64-linux-gnu/libnvidia-glcore.so.580.173.02",
    "7b659e800000-7b659f97b000 r-xp 01000000 103:02 10647960                  /tmp/riley-opt-260912/driver580173-gui-runtime-20260901/extracted/usr/lib/x86_64-linux-gnu/libnvidia-glcore.so.580.173.02",
    "7b659f97b000-7b659faf6000 r--p 0217a000 103:02 10647960                  /tmp/riley-opt-260912/driver580173-gui-runtime-20260901/extracted/usr/lib/x86_64-linux-gnu/libnvidia-glcore.so.580.173.02",
    "7b659faf6000-7b659fb59000 rw-p 022f5000 103:02 10647960                  /tmp/riley-opt-260912/driver580173-gui-runtime-20260901/extracted/usr/lib/x86_64-linux-gnu/libnvidia-glcore.so.580.173.02",
    "7b659fcc8000-7b659fcd8000 r--p 00000000 103:02 10647961                  /tmp/riley-opt-260912/driver580173-gui-runtime-20260901/extracted/usr/lib/x86_64-linux-gnu/libnvidia-glsi.so.580.173.02",
    "7b659fcd8000-7b659fd38000 r-xp 00010000 103:02 10647961                  /tmp/riley-opt-260912/driver580173-gui-runtime-20260901/extracted/usr/lib/x86_64-linux-gnu/libnvidia-glsi.so.580.173.02",
    "7b659fd38000-7b659fd55000 r--p 00070000 103:02 10647961                  /tmp/riley-opt-260912/driver580173-gui-runtime-20260901/extracted/usr/lib/x86_64-linux-gnu/libnvidia-glsi.so.580.173.02",
    "7b659fd55000-7b659fd5b000 r--p 0008c000 103:02 10647961                  /tmp/riley-opt-260912/driver580173-gui-runtime-20260901/extracted/usr/lib/x86_64-linux-gnu/libnvidia-glsi.so.580.173.02",
    "7b659fd5b000-7b659fd5c000 rw-p 00092000 103:02 10647961                  /tmp/riley-opt-260912/driver580173-gui-runtime-20260901/extracted/usr/lib/x86_64-linux-gnu/libnvidia-glsi.so.580.173.02",
    "7b659fd64000-7b659fdb5000 r--p 00000000 103:02 10647954                  /tmp/riley-opt-260912/driver580173-gui-runtime-20260901/extracted/usr/lib/x86_64-linux-gnu/libGLX_nvidia.so.580.173.02",
    "7b659fdb5000-7b659fe12000 r-xp 00051000 103:02 10647954                  /tmp/riley-opt-260912/driver580173-gui-runtime-20260901/extracted/usr/lib/x86_64-linux-gnu/libGLX_nvidia.so.580.173.02",
    "7b659fe12000-7b659fe47000 rwxp 000ae000 103:02 10647954                  /tmp/riley-opt-260912/driver580173-gui-runtime-20260901/extracted/usr/lib/x86_64-linux-gnu/libGLX_nvidia.so.580.173.02",
    "7b659fe47000-7b659fe48000 r-xp 000e3000 103:02 10647954                  /tmp/riley-opt-260912/driver580173-gui-runtime-20260901/extracted/usr/lib/x86_64-linux-gnu/libGLX_nvidia.so.580.173.02",
    "7b659fe48000-7b659fe68000 r--p 000e4000 103:02 10647954                  /tmp/riley-opt-260912/driver580173-gui-runtime-20260901/extracted/usr/lib/x86_64-linux-gnu/libGLX_nvidia.so.580.173.02",
    "7b659fe68000-7b659fe88000 r--p 00103000 103:02 10647954                  /tmp/riley-opt-260912/driver580173-gui-runtime-20260901/extracted/usr/lib/x86_64-linux-gnu/libGLX_nvidia.so.580.173.02",
    "7b659fe88000-7b659fe8d000 rw-p 00123000 103:02 10647954                  /tmp/riley-opt-260912/driver580173-gui-runtime-20260901/extracted/usr/lib/x86_64-linux-gnu/libGLX_nvidia.so.580.173.02",
    "7b65a0e29000-7b65a0e2a000 r--p 00000000 103:02 10647967                  /tmp/riley-opt-260912/driver580173-gui-runtime-20260901/extracted/usr/lib/x86_64-linux-gnu/libnvidia-tls.so.580.173.02",
    "7b65a0e2a000-7b65a0e2c000 r-xp 00001000 103:02 10647967                  /tmp/riley-opt-260912/driver580173-gui-runtime-20260901/extracted/usr/lib/x86_64-linux-gnu/libnvidia-tls.so.580.173.02",
    "7b65a0e2c000-7b65a0e2d000 r--p 00003000 103:02 10647967                  /tmp/riley-opt-260912/driver580173-gui-runtime-20260901/extracted/usr/lib/x86_64-linux-gnu/libnvidia-tls.so.580.173.02",
    "7b65a0e2d000-7b65a0e2e000 r--p 00003000 103:02 10647967                  /tmp/riley-opt-260912/driver580173-gui-runtime-20260901/extracted/usr/lib/x86_64-linux-gnu/libnvidia-tls.so.580.173.02",
    "7b65a0e2e000-7b65a0e2f000 rw-p 00004000 103:02 10647967                  /tmp/riley-opt-260912/driver580173-gui-runtime-20260901/extracted/usr/lib/x86_64-linux-gnu/libnvidia-tls.so.580.173.02"
  ],
  "x_errors": [],
  "cleanup_errors": [],
  "performance_claim": false,
  "kernel_version": "NVRM version: NVIDIA UNIX x86_64 Kernel Module  580.173.02  Tue Jun 23 08:38:17 UTC 2026\nGCC version:  gcc version 12.3.0 (Ubuntu 12.3.0-1ubuntu1~22.04.3) \n",
  "glx_version": [
    1,
    4
  ],
  "screen": 0,
  "direct": true,
  "gl": {
    "vendor": "NVIDIA Corporation",
    "renderer": "NVIDIA GeForce RTX 4090/PCIe/SSE2",
    "version": "4.6.0 NVIDIA 580.173.02"
  }
}
