ptxas info    : 0 bytes gmem
ptxas info    : Compiling entry function '_ZN26riley_prefill_ffn_adaptive4downEPK13__nv_bfloat16S2_PS0_jPKj' for 'sm_90a'
ptxas info    : Function properties for _ZN26riley_prefill_ffn_adaptive4downEPK13__nv_bfloat16S2_PS0_jPKj
    0 bytes stack frame, 0 bytes spill stores, 0 bytes spill loads
ptxas info    : Used 40 registers, used 1 barriers, 13312 bytes smem
ptxas info    : Compile time = 17.585 ms
ptxas info    : Compiling entry function '_ZN26riley_prefill_ffn_adaptive7gate_upEPK13__nv_bfloat16S2_S2_PS0_jPKj' for 'sm_90a'
ptxas info    : Function properties for _ZN26riley_prefill_ffn_adaptive7gate_upEPK13__nv_bfloat16S2_S2_PS0_jPKj
    0 bytes stack frame, 0 bytes spill stores, 0 bytes spill loads
ptxas info    : Used 42 registers, used 1 barriers, 25600 bytes smem
ptxas info    : Compile time = 24.146 ms
ptxas info    : Compiling entry function '_ZN26riley_prefill_ffn_pipeline4downEPK13__nv_bfloat16S2_PS0_jPKj' for 'sm_90a'
ptxas info    : Function properties for _ZN26riley_prefill_ffn_pipeline4downEPK13__nv_bfloat16S2_PS0_jPKj
    0 bytes stack frame, 0 bytes spill stores, 0 bytes spill loads
ptxas info    : Used 32 registers, used 1 barriers, 8704 bytes smem
ptxas info    : Compile time = 7.780 ms
ptxas info    : Compiling entry function '_ZN26riley_prefill_ffn_pipeline7gate_upEPK13__nv_bfloat16S2_S2_PS0_jPKj' for 'sm_90a'
ptxas info    : Function properties for _ZN26riley_prefill_ffn_pipeline7gate_upEPK13__nv_bfloat16S2_S2_PS0_jPKj
    0 bytes stack frame, 0 bytes spill stores, 0 bytes spill loads
ptxas info    : Used 31 registers, used 1 barriers, 20992 bytes smem
ptxas info    : Compile time = 12.038 ms
