{"schema": "riley.owned-graph-diagnostic.v1", "kind": "graph", "capture_id": 1, "inventory_status": 0, "nodes": 403, "kernel_nodes": 397, "memcpy_nodes": 6, "other_nodes": 0, "memcpy_params_status": 0, "memcpy_unknown_nodes": 0, "memcpy_bytes_complete": true, "h2d_bytes": 604, "d2h_bytes": 98344, "d2d_bytes": 1152}
{"schema": "riley.decode-operator-diagnostic.v1", "kind": "inventory", "capture_id": 1, "inventory_status": 0, "event_record_nodes": 0, "event_wait_nodes": 0}
{"schema": "riley.decode-operator-diagnostic.v1", "kind": "capture", "capture_id": 1, "phase": "prefill", "operator": "off", "layer_mask": 0, "interval_count": 0, "expected_event_records": 0, "recorded_event_records": 0, "source_sha256": "bb978cc6557be27b844d356ba38cf462b37934dc283e8a89f2df8a3f3a0b132f", "tool_sha256": "139577ccb86d14611b91b005bc4216389021fcf48c1ce70508301267cfb674d6", "historical_tool_sha256": "9f0f3a526ed1a47c3e6a37e33111a21356ac5b2d58294ff797ec0a40a5091b78", "projection_events_compiled": false}
{"schema": "riley.owned-graph-diagnostic.v1", "kind": "graph", "capture_id": 2, "inventory_status": 0, "nodes": 252, "kernel_nodes": 247, "memcpy_nodes": 5, "other_nodes": 0, "memcpy_params_status": 0, "memcpy_unknown_nodes": 0, "memcpy_bytes_complete": true, "h2d_bytes": 604, "d2h_bytes": 98344, "d2d_bytes": 0}
{"schema": "riley.decode-operator-diagnostic.v1", "kind": "inventory", "capture_id": 2, "inventory_status": 0, "event_record_nodes": 0, "event_wait_nodes": 0}
{"schema": "riley.decode-operator-diagnostic.v1", "kind": "capture", "capture_id": 2, "phase": "decode", "operator": "off", "layer_mask": 0, "interval_count": 0, "expected_event_records": 0, "recorded_event_records": 0, "source_sha256": "bb978cc6557be27b844d356ba38cf462b37934dc283e8a89f2df8a3f3a0b132f", "tool_sha256": "139577ccb86d14611b91b005bc4216389021fcf48c1ce70508301267cfb674d6", "historical_tool_sha256": "9f0f3a526ed1a47c3e6a37e33111a21356ac5b2d58294ff797ec0a40a5091b78", "projection_events_compiled": false}
{"schema": "riley.owned-graph-diagnostic.v1", "kind": "replay", "capture_id": 1, "replay_id": 321, "position": 127, "host_staging_bytes": 98344, "event_setup_ns": 3217, "host_staging_ns": 2134, "host_launch_ns": 16971, "host_wait_ns": 4601122, "cuda_graph_span_ns": 4615295.887, "event_status": 0, "launch_status": 0, "completion_status": 0}
{"schema": "riley.owned-graph-diagnostic.v1", "kind": "read", "capture_id": 1, "replay_id": 321, "host_read_bytes": 98344, "host_read_ns": 5808}
{"schema": "riley.owned-graph-diagnostic.v1", "kind": "replay", "capture_id": 2, "replay_id": 322, "position": 128, "host_staging_bytes": 98344, "event_setup_ns": 852, "host_staging_ns": 1757, "host_launch_ns": 8234, "host_wait_ns": 1043052, "cuda_graph_span_ns": 1048383.951, "event_status": 0, "launch_status": 0, "completion_status": 0}
{"schema": "riley.owned-graph-diagnostic.v1", "kind": "read", "capture_id": 2, "replay_id": 322, "host_read_bytes": 98344, "host_read_ns": 5009}
{"schema": "riley.owned-graph-diagnostic.v1", "kind": "replay", "capture_id": 2, "replay_id": 323, "position": 129, "host_staging_bytes": 98344, "event_setup_ns": 522, "host_staging_ns": 1561, "host_launch_ns": 4736, "host_wait_ns": 991672, "cuda_graph_span_ns": 993951.976, "event_status": 0, "launch_status": 0, "completion_status": 0}
{"schema": "riley.owned-graph-diagnostic.v1", "kind": "read", "capture_id": 2, "replay_id": 323, "host_read_bytes": 98344, "host_read_ns": 4539}
{"schema": "riley.owned-graph-diagnostic.v1", "kind": "replay", "capture_id": 2, "replay_id": 324, "position": 130, "host_staging_bytes": 98344, "event_setup_ns": 334, "host_staging_ns": 1557, "host_launch_ns": 4728, "host_wait_ns": 983381, "cuda_graph_span_ns": 985855.997, "event_status": 0, "launch_status": 0, "completion_status": 0}
{"schema": "riley.owned-graph-diagnostic.v1", "kind": "read", "capture_id": 2, "replay_id": 324, "host_read_bytes": 98344, "host_read_ns": 4724}
{"schema": "riley.owned-graph-diagnostic.v1", "kind": "replay", "capture_id": 2, "replay_id": 325, "position": 131, "host_staging_bytes": 98344, "event_setup_ns": 445, "host_staging_ns": 1559, "host_launch_ns": 4673, "host_wait_ns": 991401, "cuda_graph_span_ns": 993664.026, "event_status": 0, "launch_status": 0, "completion_status": 0}
{"schema": "riley.owned-graph-diagnostic.v1", "kind": "read", "capture_id": 2, "replay_id": 325, "host_read_bytes": 98344, "host_read_ns": 4895}
{"schema": "riley.owned-graph-diagnostic.v1", "kind": "replay", "capture_id": 2, "replay_id": 326, "position": 132, "host_staging_bytes": 98344, "event_setup_ns": 406, "host_staging_ns": 1549, "host_launch_ns": 4564, "host_wait_ns": 982323, "cuda_graph_span_ns": 984672.01, "event_status": 0, "launch_status": 0, "completion_status": 0}
{"schema": "riley.owned-graph-diagnostic.v1", "kind": "read", "capture_id": 2, "replay_id": 326, "host_read_bytes": 98344, "host_read_ns": 4886}
{"schema": "riley.owned-graph-diagnostic.v1", "kind": "replay", "capture_id": 2, "replay_id": 327, "position": 133, "host_staging_bytes": 98344, "event_setup_ns": 300, "host_staging_ns": 1555, "host_launch_ns": 4708, "host_wait_ns": 993063, "cuda_graph_span_ns": 995231.986, "event_status": 0, "launch_status": 0, "completion_status": 0}
{"schema": "riley.owned-graph-diagnostic.v1", "kind": "read", "capture_id": 2, "replay_id": 327, "host_read_bytes": 98344, "host_read_ns": 5245}
{"schema": "riley.owned-graph-diagnostic.v1", "kind": "replay", "capture_id": 2, "replay_id": 328, "position": 134, "host_staging_bytes": 98344, "event_setup_ns": 431, "host_staging_ns": 1557, "host_launch_ns": 4462, "host_wait_ns": 990737, "cuda_graph_span_ns": 992672.026, "event_status": 0, "launch_status": 0, "completion_status": 0}
{"schema": "riley.owned-graph-diagnostic.v1", "kind": "read", "capture_id": 2, "replay_id": 328, "host_read_bytes": 98344, "host_read_ns": 4201}
{"schema": "riley.owned-graph-diagnostic.v1", "kind": "replay", "capture_id": 2, "replay_id": 329, "position": 135, "host_staging_bytes": 98344, "event_setup_ns": 296, "host_staging_ns": 1543, "host_launch_ns": 4533, "host_wait_ns": 992912, "cuda_graph_span_ns": 994880.021, "event_status": 0, "launch_status": 0, "completion_status": 0}
{"schema": "riley.owned-graph-diagnostic.v1", "kind": "read", "capture_id": 2, "replay_id": 329, "host_read_bytes": 98344, "host_read_ns": 4297}
{"schema": "riley.owned-graph-diagnostic.v1", "kind": "replay", "capture_id": 2, "replay_id": 330, "position": 136, "host_staging_bytes": 98344, "event_setup_ns": 331, "host_staging_ns": 1553, "host_launch_ns": 4515, "host_wait_ns": 982219, "cuda_graph_span_ns": 984287.977, "event_status": 0, "launch_status": 0, "completion_status": 0}
{"schema": "riley.owned-graph-diagnostic.v1", "kind": "read", "capture_id": 2, "replay_id": 330, "host_read_bytes": 98344, "host_read_ns": 5015}
{"schema": "riley.owned-graph-diagnostic.v1", "kind": "replay", "capture_id": 2, "replay_id": 331, "position": 137, "host_staging_bytes": 98344, "event_setup_ns": 332, "host_staging_ns": 1546, "host_launch_ns": 4566, "host_wait_ns": 991160, "cuda_graph_span_ns": 993664.026, "event_status": 0, "launch_status": 0, "completion_status": 0}
{"schema": "riley.owned-graph-diagnostic.v1", "kind": "read", "capture_id": 2, "replay_id": 331, "host_read_bytes": 98344, "host_read_ns": 4740}
{"schema": "riley.owned-graph-diagnostic.v1", "kind": "replay", "capture_id": 2, "replay_id": 332, "position": 138, "host_staging_bytes": 98344, "event_setup_ns": 313, "host_staging_ns": 1538, "host_launch_ns": 4464, "host_wait_ns": 999406, "cuda_graph_span_ns": 1001440.048, "event_status": 0, "launch_status": 0, "completion_status": 0}
{"schema": "riley.owned-graph-diagnostic.v1", "kind": "read", "capture_id": 2, "replay_id": 332, "host_read_bytes": 98344, "host_read_ns": 4565}
{"schema": "riley.owned-graph-diagnostic.v1", "kind": "replay", "capture_id": 2, "replay_id": 333, "position": 139, "host_staging_bytes": 98344, "event_setup_ns": 293, "host_staging_ns": 1542, "host_launch_ns": 4730, "host_wait_ns": 993574, "cuda_graph_span_ns": 995872.021, "event_status": 0, "launch_status": 0, "completion_status": 0}
{"schema": "riley.owned-graph-diagnostic.v1", "kind": "read", "capture_id": 2, "replay_id": 333, "host_read_bytes": 98344, "host_read_ns": 4415}
{"schema": "riley.owned-graph-diagnostic.v1", "kind": "replay", "capture_id": 2, "replay_id": 334, "position": 140, "host_staging_bytes": 98344, "event_setup_ns": 350, "host_staging_ns": 1542, "host_launch_ns": 4714, "host_wait_ns": 998371, "cuda_graph_span_ns": 1000543.952, "event_status": 0, "launch_status": 0, "completion_status": 0}
{"schema": "riley.owned-graph-diagnostic.v1", "kind": "read", "capture_id": 2, "replay_id": 334, "host_read_bytes": 98344, "host_read_ns": 4777}
{"schema": "riley.owned-graph-diagnostic.v1", "kind": "replay", "capture_id": 2, "replay_id": 335, "position": 141, "host_staging_bytes": 98344, "event_setup_ns": 302, "host_staging_ns": 1536, "host_launch_ns": 4525, "host_wait_ns": 991775, "cuda_graph_span_ns": 994047.999, "event_status": 0, "launch_status": 0, "completion_status": 0}
{"schema": "riley.owned-graph-diagnostic.v1", "kind": "read", "capture_id": 2, "replay_id": 335, "host_read_bytes": 98344, "host_read_ns": 4304}
{"schema": "riley.owned-graph-diagnostic.v1", "kind": "replay", "capture_id": 2, "replay_id": 336, "position": 142, "host_staging_bytes": 98344, "event_setup_ns": 285, "host_staging_ns": 1559, "host_launch_ns": 4727, "host_wait_ns": 999349, "cuda_graph_span_ns": 1001600.027, "event_status": 0, "launch_status": 0, "completion_status": 0}
{"schema": "riley.owned-graph-diagnostic.v1", "kind": "read", "capture_id": 2, "replay_id": 336, "host_read_bytes": 98344, "host_read_ns": 4583}
{"schema": "riley.owned-graph-diagnostic.v1", "kind": "replay", "capture_id": 2, "replay_id": 337, "position": 143, "host_staging_bytes": 98344, "event_setup_ns": 285, "host_staging_ns": 1535, "host_launch_ns": 4562, "host_wait_ns": 991492, "cuda_graph_span_ns": 993376.017, "event_status": 0, "launch_status": 0, "completion_status": 0}
{"schema": "riley.owned-graph-diagnostic.v1", "kind": "read", "capture_id": 2, "replay_id": 337, "host_read_bytes": 98344, "host_read_ns": 4371}
{"schema": "riley.owned-graph-diagnostic.v1", "kind": "replay", "capture_id": 2, "replay_id": 338, "position": 144, "host_staging_bytes": 98344, "event_setup_ns": 305, "host_staging_ns": 1539, "host_launch_ns": 4692, "host_wait_ns": 999944, "cuda_graph_span_ns": 1002336.025, "event_status": 0, "launch_status": 0, "completion_status": 0}
{"schema": "riley.owned-graph-diagnostic.v1", "kind": "read", "capture_id": 2, "replay_id": 338, "host_read_bytes": 98344, "host_read_ns": 4782}
{"schema": "riley.owned-graph-diagnostic.v1", "kind": "replay", "capture_id": 2, "replay_id": 339, "position": 145, "host_staging_bytes": 98344, "event_setup_ns": 316, "host_staging_ns": 1543, "host_launch_ns": 4623, "host_wait_ns": 1007976, "cuda_graph_span_ns": 1010303.974, "event_status": 0, "launch_status": 0, "completion_status": 0}
{"schema": "riley.owned-graph-diagnostic.v1", "kind": "read", "capture_id": 2, "replay_id": 339, "host_read_bytes": 98344, "host_read_ns": 4524}
{"schema": "riley.owned-graph-diagnostic.v1", "kind": "replay", "capture_id": 2, "replay_id": 340, "position": 146, "host_staging_bytes": 98344, "event_setup_ns": 365, "host_staging_ns": 1542, "host_launch_ns": 4670, "host_wait_ns": 1014874, "cuda_graph_span_ns": 1017184.019, "event_status": 0, "launch_status": 0, "completion_status": 0}
{"schema": "riley.owned-graph-diagnostic.v1", "kind": "read", "capture_id": 2, "replay_id": 340, "host_read_bytes": 98344, "host_read_ns": 4588}
{"schema": "riley.owned-graph-diagnostic.v1", "kind": "replay", "capture_id": 2, "replay_id": 341, "position": 147, "host_staging_bytes": 98344, "event_setup_ns": 387, "host_staging_ns": 1558, "host_launch_ns": 7889, "host_wait_ns": 1016084, "cuda_graph_span_ns": 1021535.993, "event_status": 0, "launch_status": 0, "completion_status": 0}
{"schema": "riley.owned-graph-diagnostic.v1", "kind": "read", "capture_id": 2, "replay_id": 341, "host_read_bytes": 98344, "host_read_ns": 4402}
{"schema": "riley.owned-graph-diagnostic.v1", "kind": "replay", "capture_id": 2, "replay_id": 342, "position": 148, "host_staging_bytes": 98344, "event_setup_ns": 362, "host_staging_ns": 1548, "host_launch_ns": 4706, "host_wait_ns": 1016134, "cuda_graph_span_ns": 1018592.0, "event_status": 0, "launch_status": 0, "completion_status": 0}
{"schema": "riley.owned-graph-diagnostic.v1", "kind": "read", "capture_id": 2, "replay_id": 342, "host_read_bytes": 98344, "host_read_ns": 4639}
{"schema": "riley.owned-graph-diagnostic.v1", "kind": "replay", "capture_id": 2, "replay_id": 343, "position": 149, "host_staging_bytes": 98344, "event_setup_ns": 455, "host_staging_ns": 1539, "host_launch_ns": 4564, "host_wait_ns": 1023744, "cuda_graph_span_ns": 1025856.018, "event_status": 0, "launch_status": 0, "completion_status": 0}
{"schema": "riley.owned-graph-diagnostic.v1", "kind": "read", "capture_id": 2, "replay_id": 343, "host_read_bytes": 98344, "host_read_ns": 4281}
{"schema": "riley.owned-graph-diagnostic.v1", "kind": "replay", "capture_id": 2, "replay_id": 344, "position": 150, "host_staging_bytes": 98344, "event_setup_ns": 357, "host_staging_ns": 1540, "host_launch_ns": 4754, "host_wait_ns": 1018362, "cuda_graph_span_ns": 1019647.956, "event_status": 0, "launch_status": 0, "completion_status": 0}
{"schema": "riley.owned-graph-diagnostic.v1", "kind": "read", "capture_id": 2, "replay_id": 344, "host_read_bytes": 98344, "host_read_ns": 5296}
{"schema": "riley.owned-graph-diagnostic.v1", "kind": "replay", "capture_id": 2, "replay_id": 345, "position": 151, "host_staging_bytes": 98344, "event_setup_ns": 1531, "host_staging_ns": 1975, "host_launch_ns": 10819, "host_wait_ns": 1007531, "cuda_graph_span_ns": 1016255.975, "event_status": 0, "launch_status": 0, "completion_status": 0}
{"schema": "riley.owned-graph-diagnostic.v1", "kind": "read", "capture_id": 2, "replay_id": 345, "host_read_bytes": 98344, "host_read_ns": 4832}
{"schema": "riley.owned-graph-diagnostic.v1", "kind": "replay", "capture_id": 2, "replay_id": 346, "position": 152, "host_staging_bytes": 98344, "event_setup_ns": 414, "host_staging_ns": 1546, "host_launch_ns": 4991, "host_wait_ns": 1014808, "cuda_graph_span_ns": 1017439.961, "event_status": 0, "launch_status": 0, "completion_status": 0}
{"schema": "riley.owned-graph-diagnostic.v1", "kind": "read", "capture_id": 2, "replay_id": 346, "host_read_bytes": 98344, "host_read_ns": 4771}
{"schema": "riley.owned-graph-diagnostic.v1", "kind": "replay", "capture_id": 2, "replay_id": 347, "position": 153, "host_staging_bytes": 98344, "event_setup_ns": 288, "host_staging_ns": 1523, "host_launch_ns": 4469, "host_wait_ns": 1017053, "cuda_graph_span_ns": 1019104.004, "event_status": 0, "launch_status": 0, "completion_status": 0}
{"schema": "riley.owned-graph-diagnostic.v1", "kind": "read", "capture_id": 2, "replay_id": 347, "host_read_bytes": 98344, "host_read_ns": 4391}
{"schema": "riley.owned-graph-diagnostic.v1", "kind": "replay", "capture_id": 2, "replay_id": 348, "position": 154, "host_staging_bytes": 98344, "event_setup_ns": 360, "host_staging_ns": 1517, "host_launch_ns": 4526, "host_wait_ns": 1023255, "cuda_graph_span_ns": 1025248.051, "event_status": 0, "launch_status": 0, "completion_status": 0}
{"schema": "riley.owned-graph-diagnostic.v1", "kind": "read", "capture_id": 2, "replay_id": 348, "host_read_bytes": 98344, "host_read_ns": 5750}
{"schema": "riley.owned-graph-diagnostic.v1", "kind": "replay", "capture_id": 2, "replay_id": 349, "position": 155, "host_staging_bytes": 98344, "event_setup_ns": 792, "host_staging_ns": 1652, "host_launch_ns": 6866, "host_wait_ns": 1022759, "cuda_graph_span_ns": 1026496.053, "event_status": 0, "launch_status": 0, "completion_status": 0}
{"schema": "riley.owned-graph-diagnostic.v1", "kind": "read", "capture_id": 2, "replay_id": 349, "host_read_bytes": 98344, "host_read_ns": 5176}
{"schema": "riley.owned-graph-diagnostic.v1", "kind": "replay", "capture_id": 2, "replay_id": 350, "position": 156, "host_staging_bytes": 98344, "event_setup_ns": 702, "host_staging_ns": 2025, "host_launch_ns": 7085, "host_wait_ns": 1022233, "cuda_graph_span_ns": 1026880.026, "event_status": 0, "launch_status": 0, "completion_status": 0}
{"schema": "riley.owned-graph-diagnostic.v1", "kind": "read", "capture_id": 2, "replay_id": 350, "host_read_bytes": 98344, "host_read_ns": 4319}
{"schema": "riley.owned-graph-diagnostic.v1", "kind": "replay", "capture_id": 2, "replay_id": 351, "position": 157, "host_staging_bytes": 98344, "event_setup_ns": 308, "host_staging_ns": 1526, "host_launch_ns": 4537, "host_wait_ns": 1033122, "cuda_graph_span_ns": 1035104.036, "event_status": 0, "launch_status": 0, "completion_status": 0}
{"schema": "riley.owned-graph-diagnostic.v1", "kind": "read", "capture_id": 2, "replay_id": 351, "host_read_bytes": 98344, "host_read_ns": 4714}
{"schema": "riley.owned-graph-diagnostic.v1", "kind": "replay", "capture_id": 2, "replay_id": 352, "position": 158, "host_staging_bytes": 98344, "event_setup_ns": 353, "host_staging_ns": 1524, "host_launch_ns": 4491, "host_wait_ns": 1033616, "cuda_graph_span_ns": 1035776.019, "event_status": 0, "launch_status": 0, "completion_status": 0}
{"schema": "riley.owned-graph-diagnostic.v1", "kind": "read", "capture_id": 2, "replay_id": 352, "host_read_bytes": 98344, "host_read_ns": 4467}
{"schema": "riley.owned-graph-diagnostic.v1", "kind": "replay", "capture_id": 1, "replay_id": 353, "position": 127, "host_staging_bytes": 98344, "event_setup_ns": 831, "host_staging_ns": 1528, "host_launch_ns": 9393, "host_wait_ns": 4608823, "cuda_graph_span_ns": 4615359.783, "event_status": 0, "launch_status": 0, "completion_status": 0}
{"schema": "riley.owned-graph-diagnostic.v1", "kind": "read", "capture_id": 1, "replay_id": 353, "host_read_bytes": 98344, "host_read_ns": 4629}
{"schema": "riley.owned-graph-diagnostic.v1", "kind": "replay", "capture_id": 2, "replay_id": 354, "position": 128, "host_staging_bytes": 98344, "event_setup_ns": 472, "host_staging_ns": 1530, "host_launch_ns": 4743, "host_wait_ns": 1050349, "cuda_graph_span_ns": 1052191.973, "event_status": 0, "launch_status": 0, "completion_status": 0}
{"schema": "riley.owned-graph-diagnostic.v1", "kind": "read", "capture_id": 2, "replay_id": 354, "host_read_bytes": 98344, "host_read_ns": 4670}
{"schema": "riley.owned-graph-diagnostic.v1", "kind": "replay", "capture_id": 2, "replay_id": 355, "position": 129, "host_staging_bytes": 98344, "event_setup_ns": 375, "host_staging_ns": 1536, "host_launch_ns": 4531, "host_wait_ns": 990319, "cuda_graph_span_ns": 992416.024, "event_status": 0, "launch_status": 0, "completion_status": 0}
{"schema": "riley.owned-graph-diagnostic.v1", "kind": "read", "capture_id": 2, "replay_id": 355, "host_read_bytes": 98344, "host_read_ns": 4290}
{"schema": "riley.owned-graph-diagnostic.v1", "kind": "replay", "capture_id": 2, "replay_id": 356, "position": 130, "host_staging_bytes": 98344, "event_setup_ns": 368, "host_staging_ns": 1543, "host_launch_ns": 4565, "host_wait_ns": 984305, "cuda_graph_span_ns": 986303.985, "event_status": 0, "launch_status": 0, "completion_status": 0}
{"schema": "riley.owned-graph-diagnostic.v1", "kind": "read", "capture_id": 2, "replay_id": 356, "host_read_bytes": 98344, "host_read_ns": 4619}
{"schema": "riley.owned-graph-diagnostic.v1", "kind": "replay", "capture_id": 2, "replay_id": 357, "position": 131, "host_staging_bytes": 98344, "event_setup_ns": 375, "host_staging_ns": 1523, "host_launch_ns": 4483, "host_wait_ns": 992884, "cuda_graph_span_ns": 994848.013, "event_status": 0, "launch_status": 0, "completion_status": 0}
{"schema": "riley.owned-graph-diagnostic.v1", "kind": "read", "capture_id": 2, "replay_id": 357, "host_read_bytes": 98344, "host_read_ns": 4238}
{"schema": "riley.owned-graph-diagnostic.v1", "kind": "replay", "capture_id": 2, "replay_id": 358, "position": 132, "host_staging_bytes": 98344, "event_setup_ns": 451, "host_staging_ns": 1507, "host_launch_ns": 4567, "host_wait_ns": 990528, "cuda_graph_span_ns": 992479.98, "event_status": 0, "launch_status": 0, "completion_status": 0}
{"schema": "riley.owned-graph-diagnostic.v1", "kind": "read", "capture_id": 2, "replay_id": 358, "host_read_bytes": 98344, "host_read_ns": 4332}
{"schema": "riley.owned-graph-diagnostic.v1", "kind": "replay", "capture_id": 2, "replay_id": 359, "position": 133, "host_staging_bytes": 98344, "event_setup_ns": 611, "host_staging_ns": 1544, "host_launch_ns": 4476, "host_wait_ns": 982850, "cuda_graph_span_ns": 985023.975, "event_status": 0, "launch_status": 0, "completion_status": 0}
{"schema": "riley.owned-graph-diagnostic.v1", "kind": "read", "capture_id": 2, "replay_id": 359, "host_read_bytes": 98344, "host_read_ns": 4788}
{"schema": "riley.owned-graph-diagnostic.v1", "kind": "replay", "capture_id": 2, "replay_id": 360, "position": 134, "host_staging_bytes": 98344, "event_setup_ns": 331, "host_staging_ns": 1521, "host_launch_ns": 4498, "host_wait_ns": 991401, "cuda_graph_span_ns": 993535.995, "event_status": 0, "launch_status": 0, "completion_status": 0}
{"schema": "riley.owned-graph-diagnostic.v1", "kind": "read", "capture_id": 2, "replay_id": 360, "host_read_bytes": 98344, "host_read_ns": 4392}
{"schema": "riley.owned-graph-diagnostic.v1", "kind": "replay", "capture_id": 2, "replay_id": 361, "position": 135, "host_staging_bytes": 98344, "event_setup_ns": 287, "host_staging_ns": 1543, "host_launch_ns": 4524, "host_wait_ns": 991260, "cuda_graph_span_ns": 993408.024, "event_status": 0, "launch_status": 0, "completion_status": 0}
{"schema": "riley.owned-graph-diagnostic.v1", "kind": "read", "capture_id": 2, "replay_id": 361, "host_read_bytes": 98344, "host_read_ns": 4365}
{"schema": "riley.owned-graph-diagnostic.v1", "kind": "replay", "capture_id": 2, "replay_id": 362, "position": 136, "host_staging_bytes": 98344, "event_setup_ns": 361, "host_staging_ns": 1516, "host_launch_ns": 4491, "host_wait_ns": 985799, "cuda_graph_span_ns": 987936.02, "event_status": 0, "launch_status": 0, "completion_status": 0}
{"schema": "riley.owned-graph-diagnostic.v1", "kind": "read", "capture_id": 2, "replay_id": 362, "host_read_bytes": 98344, "host_read_ns": 4292}
{"schema": "riley.owned-graph-diagnostic.v1", "kind": "replay", "capture_id": 2, "replay_id": 363, "position": 137, "host_staging_bytes": 98344, "event_setup_ns": 421, "host_staging_ns": 1517, "host_launch_ns": 4388, "host_wait_ns": 992868, "cuda_graph_span_ns": 994943.976, "event_status": 0, "launch_status": 0, "completion_status": 0}
{"schema": "riley.owned-graph-diagnostic.v1", "kind": "read", "capture_id": 2, "replay_id": 363, "host_read_bytes": 98344, "host_read_ns": 4527}
{"schema": "riley.owned-graph-diagnostic.v1", "kind": "replay", "capture_id": 2, "replay_id": 364, "position": 138, "host_staging_bytes": 98344, "event_setup_ns": 287, "host_staging_ns": 1516, "host_launch_ns": 4628, "host_wait_ns": 992996, "cuda_graph_span_ns": 995263.994, "event_status": 0, "launch_status": 0, "completion_status": 0}
{"schema": "riley.owned-graph-diagnostic.v1", "kind": "read", "capture_id": 2, "replay_id": 364, "host_read_bytes": 98344, "host_read_ns": 4710}
{"schema": "riley.owned-graph-diagnostic.v1", "kind": "replay", "capture_id": 2, "replay_id": 365, "position": 139, "host_staging_bytes": 98344, "event_setup_ns": 304, "host_staging_ns": 1540, "host_launch_ns": 4437, "host_wait_ns": 999911, "cuda_graph_span_ns": 1001664.042, "event_status": 0, "launch_status": 0, "completion_status": 0}
{"schema": "riley.owned-graph-diagnostic.v1", "kind": "read", "capture_id": 2, "replay_id": 365, "host_read_bytes": 98344, "host_read_ns": 4242}
{"schema": "riley.owned-graph-diagnostic.v1", "kind": "replay", "capture_id": 2, "replay_id": 366, "position": 140, "host_staging_bytes": 98344, "event_setup_ns": 286, "host_staging_ns": 1515, "host_launch_ns": 4542, "host_wait_ns": 999047, "cuda_graph_span_ns": 1001279.95, "event_status": 0, "launch_status": 0, "completion_status": 0}
{"schema": "riley.owned-graph-diagnostic.v1", "kind": "read", "capture_id": 2, "replay_id": 366, "host_read_bytes": 98344, "host_read_ns": 4370}
{"schema": "riley.owned-graph-diagnostic.v1", "kind": "replay", "capture_id": 2, "replay_id": 367, "position": 141, "host_staging_bytes": 98344, "event_setup_ns": 428, "host_staging_ns": 1537, "host_launch_ns": 4534, "host_wait_ns": 991466, "cuda_graph_span_ns": 993664.026, "event_status": 0, "launch_status": 0, "completion_status": 0}
{"schema": "riley.owned-graph-diagnostic.v1", "kind": "read", "capture_id": 2, "replay_id": 367, "host_read_bytes": 98344, "host_read_ns": 4501}
{"schema": "riley.owned-graph-diagnostic.v1", "kind": "replay", "capture_id": 2, "replay_id": 368, "position": 142, "host_staging_bytes": 98344, "event_setup_ns": 419, "host_staging_ns": 1524, "host_launch_ns": 4605, "host_wait_ns": 990748, "cuda_graph_span_ns": 993023.992, "event_status": 0, "launch_status": 0, "completion_status": 0}
{"schema": "riley.owned-graph-diagnostic.v1", "kind": "read", "capture_id": 2, "replay_id": 368, "host_read_bytes": 98344, "host_read_ns": 4466}
{"schema": "riley.owned-graph-diagnostic.v1", "kind": "replay", "capture_id": 2, "replay_id": 369, "position": 143, "host_staging_bytes": 98344, "event_setup_ns": 322, "host_staging_ns": 1516, "host_launch_ns": 4831, "host_wait_ns": 1000072, "cuda_graph_span_ns": 1002400.041, "event_status": 0, "launch_status": 0, "completion_status": 0}
{"schema": "riley.owned-graph-diagnostic.v1", "kind": "read", "capture_id": 2, "replay_id": 369, "host_read_bytes": 98344, "host_read_ns": 4305}
{"schema": "riley.owned-graph-diagnostic.v1", "kind": "replay", "capture_id": 2, "replay_id": 370, "position": 144, "host_staging_bytes": 98344, "event_setup_ns": 361, "host_staging_ns": 1525, "host_launch_ns": 4514, "host_wait_ns": 999816, "cuda_graph_span_ns": 1001888.037, "event_status": 0, "launch_status": 0, "completion_status": 0}
{"schema": "riley.owned-graph-diagnostic.v1", "kind": "read", "capture_id": 2, "replay_id": 370, "host_read_bytes": 98344, "host_read_ns": 4362}
{"schema": "riley.owned-graph-diagnostic.v1", "kind": "replay", "capture_id": 2, "replay_id": 371, "position": 145, "host_staging_bytes": 98344, "event_setup_ns": 351, "host_staging_ns": 1527, "host_launch_ns": 4573, "host_wait_ns": 1017815, "cuda_graph_span_ns": 1020032.048, "event_status": 0, "launch_status": 0, "completion_status": 0}
{"schema": "riley.owned-graph-diagnostic.v1", "kind": "read", "capture_id": 2, "replay_id": 371, "host_read_bytes": 98344, "host_read_ns": 4706}
{"schema": "riley.owned-graph-diagnostic.v1", "kind": "replay", "capture_id": 2, "replay_id": 372, "position": 146, "host_staging_bytes": 98344, "event_setup_ns": 315, "host_staging_ns": 1529, "host_launch_ns": 4761, "host_wait_ns": 1026247, "cuda_graph_span_ns": 1028512.001, "event_status": 0, "launch_status": 0, "completion_status": 0}
{"schema": "riley.owned-graph-diagnostic.v1", "kind": "read", "capture_id": 2, "replay_id": 372, "host_read_bytes": 98344, "host_read_ns": 5478}
{"schema": "riley.owned-graph-diagnostic.v1", "kind": "replay", "capture_id": 2, "replay_id": 373, "position": 147, "host_staging_bytes": 98344, "event_setup_ns": 327, "host_staging_ns": 1536, "host_launch_ns": 4699, "host_wait_ns": 1024973, "cuda_graph_span_ns": 1026975.989, "event_status": 0, "launch_status": 0, "completion_status": 0}
{"schema": "riley.owned-graph-diagnostic.v1", "kind": "read", "capture_id": 2, "replay_id": 373, "host_read_bytes": 98344, "host_read_ns": 4722}
{"schema": "riley.owned-graph-diagnostic.v1", "kind": "replay", "capture_id": 2, "replay_id": 374, "position": 148, "host_staging_bytes": 98344, "event_setup_ns": 285, "host_staging_ns": 1538, "host_launch_ns": 4764, "host_wait_ns": 1022867, "cuda_graph_span_ns": 1025087.953, "event_status": 0, "launch_status": 0, "completion_status": 0}
{"schema": "riley.owned-graph-diagnostic.v1", "kind": "read", "capture_id": 2, "replay_id": 374, "host_read_bytes": 98344, "host_read_ns": 4450}
{"schema": "riley.owned-graph-diagnostic.v1", "kind": "replay", "capture_id": 2, "replay_id": 375, "position": 149, "host_staging_bytes": 98344, "event_setup_ns": 299, "host_staging_ns": 1533, "host_launch_ns": 4457, "host_wait_ns": 1024868, "cuda_graph_span_ns": 1026783.943, "event_status": 0, "launch_status": 0, "completion_status": 0}
{"schema": "riley.owned-graph-diagnostic.v1", "kind": "read", "capture_id": 2, "replay_id": 375, "host_read_bytes": 98344, "host_read_ns": 4636}
{"schema": "riley.owned-graph-diagnostic.v1", "kind": "replay", "capture_id": 2, "replay_id": 376, "position": 150, "host_staging_bytes": 98344, "event_setup_ns": 319, "host_staging_ns": 1520, "host_launch_ns": 4523, "host_wait_ns": 1025337, "cuda_graph_span_ns": 1027519.941, "event_status": 0, "launch_status": 0, "completion_status": 0}
{"schema": "riley.owned-graph-diagnostic.v1", "kind": "read", "capture_id": 2, "replay_id": 376, "host_read_bytes": 98344, "host_read_ns": 4777}
{"schema": "riley.owned-graph-diagnostic.v1", "kind": "replay", "capture_id": 2, "replay_id": 377, "position": 151, "host_staging_bytes": 98344, "event_setup_ns": 300, "host_staging_ns": 1527, "host_launch_ns": 4629, "host_wait_ns": 1016356, "cuda_graph_span_ns": 1018527.985, "event_status": 0, "launch_status": 0, "completion_status": 0}
{"schema": "riley.owned-graph-diagnostic.v1", "kind": "read", "capture_id": 2, "replay_id": 377, "host_read_bytes": 98344, "host_read_ns": 4738}
{"schema": "riley.owned-graph-diagnostic.v1", "kind": "replay", "capture_id": 2, "replay_id": 378, "position": 152, "host_staging_bytes": 98344, "event_setup_ns": 298, "host_staging_ns": 1516, "host_launch_ns": 4490, "host_wait_ns": 1023613, "cuda_graph_span_ns": 1025663.972, "event_status": 0, "launch_status": 0, "completion_status": 0}
{"schema": "riley.owned-graph-diagnostic.v1", "kind": "read", "capture_id": 2, "replay_id": 378, "host_read_bytes": 98344, "host_read_ns": 4347}
{"schema": "riley.owned-graph-diagnostic.v1", "kind": "replay", "capture_id": 2, "replay_id": 379, "position": 153, "host_staging_bytes": 98344, "event_setup_ns": 290, "host_staging_ns": 1537, "host_launch_ns": 4600, "host_wait_ns": 1018066, "cuda_graph_span_ns": 1020416.021, "event_status": 0, "launch_status": 0, "completion_status": 0}
{"schema": "riley.owned-graph-diagnostic.v1", "kind": "read", "capture_id": 2, "replay_id": 379, "host_read_bytes": 98344, "host_read_ns": 4968}
{"schema": "riley.owned-graph-diagnostic.v1", "kind": "replay", "capture_id": 2, "replay_id": 380, "position": 154, "host_staging_bytes": 98344, "event_setup_ns": 363, "host_staging_ns": 1522, "host_launch_ns": 4685, "host_wait_ns": 1032121, "cuda_graph_span_ns": 1034144.044, "event_status": 0, "launch_status": 0, "completion_status": 0}
{"schema": "riley.owned-graph-diagnostic.v1", "kind": "read", "capture_id": 2, "replay_id": 380, "host_read_bytes": 98344, "host_read_ns": 4725}
{"schema": "riley.owned-graph-diagnostic.v1", "kind": "replay", "capture_id": 2, "replay_id": 381, "position": 155, "host_staging_bytes": 98344, "event_setup_ns": 589, "host_staging_ns": 1525, "host_launch_ns": 4940, "host_wait_ns": 1025644, "cuda_graph_span_ns": 1027999.997, "event_status": 0, "launch_status": 0, "completion_status": 0}
{"schema": "riley.owned-graph-diagnostic.v1", "kind": "read", "capture_id": 2, "replay_id": 381, "host_read_bytes": 98344, "host_read_ns": 4744}
{"schema": "riley.owned-graph-diagnostic.v1", "kind": "replay", "capture_id": 2, "replay_id": 382, "position": 156, "host_staging_bytes": 98344, "event_setup_ns": 604, "host_staging_ns": 1514, "host_launch_ns": 5011, "host_wait_ns": 1034437, "cuda_graph_span_ns": 1036895.99, "event_status": 0, "launch_status": 0, "completion_status": 0}
{"schema": "riley.owned-graph-diagnostic.v1", "kind": "read", "capture_id": 2, "replay_id": 382, "host_read_bytes": 98344, "host_read_ns": 4897}
{"schema": "riley.owned-graph-diagnostic.v1", "kind": "replay", "capture_id": 2, "replay_id": 383, "position": 157, "host_staging_bytes": 98344, "event_setup_ns": 385, "host_staging_ns": 1526, "host_launch_ns": 4554, "host_wait_ns": 1034789, "cuda_graph_span_ns": 1036671.996, "event_status": 0, "launch_status": 0, "completion_status": 0}
{"schema": "riley.owned-graph-diagnostic.v1", "kind": "read", "capture_id": 2, "replay_id": 383, "host_read_bytes": 98344, "host_read_ns": 4375}
{"schema": "riley.owned-graph-diagnostic.v1", "kind": "replay", "capture_id": 2, "replay_id": 384, "position": 158, "host_staging_bytes": 98344, "event_setup_ns": 322, "host_staging_ns": 1528, "host_launch_ns": 4536, "host_wait_ns": 1033896, "cuda_graph_span_ns": 1035904.05, "event_status": 0, "launch_status": 0, "completion_status": 0}
{"schema": "riley.owned-graph-diagnostic.v1", "kind": "read", "capture_id": 2, "replay_id": 384, "host_read_bytes": 98344, "host_read_ns": 4379}
{"schema": "riley.owned-graph-diagnostic.v1", "kind": "replay", "capture_id": 1, "replay_id": 385, "position": 127, "host_staging_bytes": 98344, "event_setup_ns": 3453, "host_staging_ns": 1992, "host_launch_ns": 15316, "host_wait_ns": 4602478, "cuda_graph_span_ns": 4614304.066, "event_status": 0, "launch_status": 0, "completion_status": 0}
{"schema": "riley.owned-graph-diagnostic.v1", "kind": "read", "capture_id": 1, "replay_id": 385, "host_read_bytes": 98344, "host_read_ns": 6380}
{"schema": "riley.owned-graph-diagnostic.v1", "kind": "replay", "capture_id": 2, "replay_id": 386, "position": 128, "host_staging_bytes": 98344, "event_setup_ns": 1132, "host_staging_ns": 1577, "host_launch_ns": 10435, "host_wait_ns": 1045922, "cuda_graph_span_ns": 1053568.006, "event_status": 0, "launch_status": 0, "completion_status": 0}
{"schema": "riley.owned-graph-diagnostic.v1", "kind": "read", "capture_id": 2, "replay_id": 386, "host_read_bytes": 98344, "host_read_ns": 4697}
{"schema": "riley.owned-graph-diagnostic.v1", "kind": "replay", "capture_id": 2, "replay_id": 387, "position": 129, "host_staging_bytes": 98344, "event_setup_ns": 538, "host_staging_ns": 1531, "host_launch_ns": 7675, "host_wait_ns": 982286, "cuda_graph_span_ns": 987680.018, "event_status": 0, "launch_status": 0, "completion_status": 0}
{"schema": "riley.owned-graph-diagnostic.v1", "kind": "read", "capture_id": 2, "replay_id": 387, "host_read_bytes": 98344, "host_read_ns": 5128}
{"schema": "riley.owned-graph-diagnostic.v1", "kind": "replay", "capture_id": 2, "replay_id": 388, "position": 130, "host_staging_bytes": 98344, "event_setup_ns": 457, "host_staging_ns": 1521, "host_launch_ns": 5869, "host_wait_ns": 982235, "cuda_graph_span_ns": 985728.025, "event_status": 0, "launch_status": 0, "completion_status": 0}
{"schema": "riley.owned-graph-diagnostic.v1", "kind": "read", "capture_id": 2, "replay_id": 388, "host_read_bytes": 98344, "host_read_ns": 5115}
{"schema": "riley.owned-graph-diagnostic.v1", "kind": "replay", "capture_id": 2, "replay_id": 389, "position": 131, "host_staging_bytes": 98344, "event_setup_ns": 814, "host_staging_ns": 1524, "host_launch_ns": 6625, "host_wait_ns": 984787, "cuda_graph_span_ns": 989184.022, "event_status": 0, "launch_status": 0, "completion_status": 0}
{"schema": "riley.owned-graph-diagnostic.v1", "kind": "read", "capture_id": 2, "replay_id": 389, "host_read_bytes": 98344, "host_read_ns": 4855}
{"schema": "riley.owned-graph-diagnostic.v1", "kind": "replay", "capture_id": 2, "replay_id": 390, "position": 132, "host_staging_bytes": 98344, "event_setup_ns": 645, "host_staging_ns": 1525, "host_launch_ns": 7077, "host_wait_ns": 983654, "cuda_graph_span_ns": 988160.014, "event_status": 0, "launch_status": 0, "completion_status": 0}
{"schema": "riley.owned-graph-diagnostic.v1", "kind": "read", "capture_id": 2, "replay_id": 390, "host_read_bytes": 98344, "host_read_ns": 5071}
{"schema": "riley.owned-graph-diagnostic.v1", "kind": "replay", "capture_id": 2, "replay_id": 391, "position": 133, "host_staging_bytes": 98344, "event_setup_ns": 559, "host_staging_ns": 1523, "host_launch_ns": 6124, "host_wait_ns": 983944, "cuda_graph_span_ns": 987775.981, "event_status": 0, "launch_status": 0, "completion_status": 0}
{"schema": "riley.owned-graph-diagnostic.v1", "kind": "read", "capture_id": 2, "replay_id": 391, "host_read_bytes": 98344, "host_read_ns": 5084}
{"schema": "riley.owned-graph-diagnostic.v1", "kind": "replay", "capture_id": 2, "replay_id": 392, "position": 134, "host_staging_bytes": 98344, "event_setup_ns": 546, "host_staging_ns": 1530, "host_launch_ns": 5733, "host_wait_ns": 985032, "cuda_graph_span_ns": 988255.978, "event_status": 0, "launch_status": 0, "completion_status": 0}
{"schema": "riley.owned-graph-diagnostic.v1", "kind": "read", "capture_id": 2, "replay_id": 392, "host_read_bytes": 98344, "host_read_ns": 5132}
{"schema": "riley.owned-graph-diagnostic.v1", "kind": "replay", "capture_id": 2, "replay_id": 393, "position": 135, "host_staging_bytes": 98344, "event_setup_ns": 486, "host_staging_ns": 1522, "host_launch_ns": 5929, "host_wait_ns": 984767, "cuda_graph_span_ns": 988063.991, "event_status": 0, "launch_status": 0, "completion_status": 0}
{"schema": "riley.owned-graph-diagnostic.v1", "kind": "read", "capture_id": 2, "replay_id": 393, "host_read_bytes": 98344, "host_read_ns": 4904}
{"schema": "riley.owned-graph-diagnostic.v1", "kind": "replay", "capture_id": 2, "replay_id": 394, "position": 136, "host_staging_bytes": 98344, "event_setup_ns": 658, "host_staging_ns": 1594, "host_launch_ns": 6304, "host_wait_ns": 984766, "cuda_graph_span_ns": 988511.98, "event_status": 0, "launch_status": 0, "completion_status": 0}
{"schema": "riley.owned-graph-diagnostic.v1", "kind": "read", "capture_id": 2, "replay_id": 394, "host_read_bytes": 98344, "host_read_ns": 4872}
{"schema": "riley.owned-graph-diagnostic.v1", "kind": "replay", "capture_id": 2, "replay_id": 395, "position": 137, "host_staging_bytes": 98344, "event_setup_ns": 494, "host_staging_ns": 1525, "host_launch_ns": 5150, "host_wait_ns": 992005, "cuda_graph_span_ns": 994175.971, "event_status": 0, "launch_status": 0, "completion_status": 0}
{"schema": "riley.owned-graph-diagnostic.v1", "kind": "read", "capture_id": 2, "replay_id": 395, "host_read_bytes": 98344, "host_read_ns": 4993}
{"schema": "riley.owned-graph-diagnostic.v1", "kind": "replay", "capture_id": 2, "replay_id": 396, "position": 138, "host_staging_bytes": 98344, "event_setup_ns": 518, "host_staging_ns": 1533, "host_launch_ns": 5904, "host_wait_ns": 990226, "cuda_graph_span_ns": 993727.982, "event_status": 0, "launch_status": 0, "completion_status": 0}
{"schema": "riley.owned-graph-diagnostic.v1", "kind": "read", "capture_id": 2, "replay_id": 396, "host_read_bytes": 98344, "host_read_ns": 5050}
{"schema": "riley.owned-graph-diagnostic.v1", "kind": "replay", "capture_id": 2, "replay_id": 397, "position": 139, "host_staging_bytes": 98344, "event_setup_ns": 489, "host_staging_ns": 1560, "host_launch_ns": 5888, "host_wait_ns": 992378, "cuda_graph_span_ns": 995840.013, "event_status": 0, "launch_status": 0, "completion_status": 0}
{"schema": "riley.owned-graph-diagnostic.v1", "kind": "read", "capture_id": 2, "replay_id": 397, "host_read_bytes": 98344, "host_read_ns": 4765}
{"schema": "riley.owned-graph-diagnostic.v1", "kind": "replay", "capture_id": 2, "replay_id": 398, "position": 140, "host_staging_bytes": 98344, "event_setup_ns": 453, "host_staging_ns": 1523, "host_launch_ns": 5055, "host_wait_ns": 991730, "cuda_graph_span_ns": 994400.024, "event_status": 0, "launch_status": 0, "completion_status": 0}
{"schema": "riley.owned-graph-diagnostic.v1", "kind": "read", "capture_id": 2, "replay_id": 398, "host_read_bytes": 98344, "host_read_ns": 5274}
{"schema": "riley.owned-graph-diagnostic.v1", "kind": "replay", "capture_id": 2, "replay_id": 399, "position": 141, "host_staging_bytes": 98344, "event_setup_ns": 634, "host_staging_ns": 1533, "host_launch_ns": 5191, "host_wait_ns": 994460, "cuda_graph_span_ns": 997344.017, "event_status": 0, "launch_status": 0, "completion_status": 0}
{"schema": "riley.owned-graph-diagnostic.v1", "kind": "read", "capture_id": 2, "replay_id": 399, "host_read_bytes": 98344, "host_read_ns": 4501}
{"schema": "riley.owned-graph-diagnostic.v1", "kind": "replay", "capture_id": 2, "replay_id": 400, "position": 142, "host_staging_bytes": 98344, "event_setup_ns": 376, "host_staging_ns": 1533, "host_launch_ns": 4864, "host_wait_ns": 991753, "cuda_graph_span_ns": 994047.999, "event_status": 0, "launch_status": 0, "completion_status": 0}
{"schema": "riley.owned-graph-diagnostic.v1", "kind": "read", "capture_id": 2, "replay_id": 400, "host_read_bytes": 98344, "host_read_ns": 4678}
{"schema": "riley.owned-graph-diagnostic.v1", "kind": "replay", "capture_id": 2, "replay_id": 401, "position": 143, "host_staging_bytes": 98344, "event_setup_ns": 371, "host_staging_ns": 1534, "host_launch_ns": 4661, "host_wait_ns": 999403, "cuda_graph_span_ns": 1001343.966, "event_status": 0, "launch_status": 0, "completion_status": 0}
{"schema": "riley.owned-graph-diagnostic.v1", "kind": "read", "capture_id": 2, "replay_id": 401, "host_read_bytes": 98344, "host_read_ns": 4900}
{"schema": "riley.owned-graph-diagnostic.v1", "kind": "replay", "capture_id": 2, "replay_id": 402, "position": 144, "host_staging_bytes": 98344, "event_setup_ns": 493, "host_staging_ns": 1601, "host_launch_ns": 5974, "host_wait_ns": 1000491, "cuda_graph_span_ns": 1004160.047, "event_status": 0, "launch_status": 0, "completion_status": 0}
{"schema": "riley.owned-graph-diagnostic.v1", "kind": "read", "capture_id": 2, "replay_id": 402, "host_read_bytes": 98344, "host_read_ns": 4809}
{"schema": "riley.owned-graph-diagnostic.v1", "kind": "replay", "capture_id": 2, "replay_id": 403, "position": 145, "host_staging_bytes": 98344, "event_setup_ns": 466, "host_staging_ns": 1533, "host_launch_ns": 4965, "host_wait_ns": 1016545, "cuda_graph_span_ns": 1018815.994, "event_status": 0, "launch_status": 0, "completion_status": 0}
{"schema": "riley.owned-graph-diagnostic.v1", "kind": "read", "capture_id": 2, "replay_id": 403, "host_read_bytes": 98344, "host_read_ns": 4454}
{"schema": "riley.owned-graph-diagnostic.v1", "kind": "replay", "capture_id": 2, "replay_id": 404, "position": 146, "host_staging_bytes": 98344, "event_setup_ns": 390, "host_staging_ns": 1531, "host_launch_ns": 4803, "host_wait_ns": 1014813, "cuda_graph_span_ns": 1017120.004, "event_status": 0, "launch_status": 0, "completion_status": 0}
{"schema": "riley.owned-graph-diagnostic.v1", "kind": "read", "capture_id": 2, "replay_id": 404, "host_read_bytes": 98344, "host_read_ns": 4541}
{"schema": "riley.owned-graph-diagnostic.v1", "kind": "replay", "capture_id": 2, "replay_id": 405, "position": 147, "host_staging_bytes": 98344, "event_setup_ns": 563, "host_staging_ns": 1540, "host_launch_ns": 5034, "host_wait_ns": 1015785, "cuda_graph_span_ns": 1018144.011, "event_status": 0, "launch_status": 0, "completion_status": 0}
{"schema": "riley.owned-graph-diagnostic.v1", "kind": "read", "capture_id": 2, "replay_id": 405, "host_read_bytes": 98344, "host_read_ns": 4410}
{"schema": "riley.owned-graph-diagnostic.v1", "kind": "replay", "capture_id": 2, "replay_id": 406, "position": 148, "host_staging_bytes": 98344, "event_setup_ns": 368, "host_staging_ns": 1524, "host_launch_ns": 4594, "host_wait_ns": 1016881, "cuda_graph_span_ns": 1019039.989, "event_status": 0, "launch_status": 0, "completion_status": 0}
{"schema": "riley.owned-graph-diagnostic.v1", "kind": "read", "capture_id": 2, "replay_id": 406, "host_read_bytes": 98344, "host_read_ns": 4753}
{"schema": "riley.owned-graph-diagnostic.v1", "kind": "replay", "capture_id": 2, "replay_id": 407, "position": 149, "host_staging_bytes": 98344, "event_setup_ns": 354, "host_staging_ns": 1524, "host_launch_ns": 5154, "host_wait_ns": 1025476, "cuda_graph_span_ns": 1027904.034, "event_status": 0, "launch_status": 0, "completion_status": 0}
{"schema": "riley.owned-graph-diagnostic.v1", "kind": "read", "capture_id": 2, "replay_id": 407, "host_read_bytes": 98344, "host_read_ns": 4578}
{"schema": "riley.owned-graph-diagnostic.v1", "kind": "replay", "capture_id": 2, "replay_id": 408, "position": 150, "host_staging_bytes": 98344, "event_setup_ns": 426, "host_staging_ns": 1516, "host_launch_ns": 4816, "host_wait_ns": 1015666, "cuda_graph_span_ns": 1018111.944, "event_status": 0, "launch_status": 0, "completion_status": 0}
{"schema": "riley.owned-graph-diagnostic.v1", "kind": "read", "capture_id": 2, "replay_id": 408, "host_read_bytes": 98344, "host_read_ns": 4284}
{"schema": "riley.owned-graph-diagnostic.v1", "kind": "replay", "capture_id": 2, "replay_id": 409, "position": 151, "host_staging_bytes": 98344, "event_setup_ns": 352, "host_staging_ns": 1541, "host_launch_ns": 4602, "host_wait_ns": 1023790, "cuda_graph_span_ns": 1025856.018, "event_status": 0, "launch_status": 0, "completion_status": 0}
{"schema": "riley.owned-graph-diagnostic.v1", "kind": "read", "capture_id": 2, "replay_id": 409, "host_read_bytes": 98344, "host_read_ns": 4516}
{"schema": "riley.owned-graph-diagnostic.v1", "kind": "replay", "capture_id": 2, "replay_id": 410, "position": 152, "host_staging_bytes": 98344, "event_setup_ns": 452, "host_staging_ns": 1544, "host_launch_ns": 4613, "host_wait_ns": 1017001, "cuda_graph_span_ns": 1019199.967, "event_status": 0, "launch_status": 0, "completion_status": 0}
{"schema": "riley.owned-graph-diagnostic.v1", "kind": "read", "capture_id": 2, "replay_id": 410, "host_read_bytes": 98344, "host_read_ns": 4877}
{"schema": "riley.owned-graph-diagnostic.v1", "kind": "replay", "capture_id": 2, "replay_id": 411, "position": 153, "host_staging_bytes": 98344, "event_setup_ns": 404, "host_staging_ns": 1573, "host_launch_ns": 4657, "host_wait_ns": 1024762, "cuda_graph_span_ns": 1026687.98, "event_status": 0, "launch_status": 0, "completion_status": 0}
{"schema": "riley.owned-graph-diagnostic.v1", "kind": "read", "capture_id": 2, "replay_id": 411, "host_read_bytes": 98344, "host_read_ns": 4883}
{"schema": "riley.owned-graph-diagnostic.v1", "kind": "replay", "capture_id": 2, "replay_id": 412, "position": 154, "host_staging_bytes": 98344, "event_setup_ns": 394, "host_staging_ns": 1568, "host_launch_ns": 5508, "host_wait_ns": 1019084, "cuda_graph_span_ns": 1021855.95, "event_status": 0, "launch_status": 0, "completion_status": 0}
{"schema": "riley.owned-graph-diagnostic.v1", "kind": "read", "capture_id": 2, "replay_id": 412, "host_read_bytes": 98344, "host_read_ns": 4820}
{"schema": "riley.owned-graph-diagnostic.v1", "kind": "replay", "capture_id": 2, "replay_id": 413, "position": 155, "host_staging_bytes": 98344, "event_setup_ns": 368, "host_staging_ns": 1554, "host_launch_ns": 4816, "host_wait_ns": 1024198, "cuda_graph_span_ns": 1026272.058, "event_status": 0, "launch_status": 0, "completion_status": 0}
{"schema": "riley.owned-graph-diagnostic.v1", "kind": "read", "capture_id": 2, "replay_id": 413, "host_read_bytes": 98344, "host_read_ns": 4702}
{"schema": "riley.owned-graph-diagnostic.v1", "kind": "replay", "capture_id": 2, "replay_id": 414, "position": 156, "host_staging_bytes": 98344, "event_setup_ns": 389, "host_staging_ns": 1511, "host_launch_ns": 4589, "host_wait_ns": 1025270, "cuda_graph_span_ns": 1027456.045, "event_status": 0, "launch_status": 0, "completion_status": 0}
{"schema": "riley.owned-graph-diagnostic.v1", "kind": "read", "capture_id": 2, "replay_id": 414, "host_read_bytes": 98344, "host_read_ns": 4367}
{"schema": "riley.owned-graph-diagnostic.v1", "kind": "replay", "capture_id": 2, "replay_id": 415, "position": 157, "host_staging_bytes": 98344, "event_setup_ns": 439, "host_staging_ns": 1527, "host_launch_ns": 4745, "host_wait_ns": 1023670, "cuda_graph_span_ns": 1025951.982, "event_status": 0, "launch_status": 0, "completion_status": 0}
{"schema": "riley.owned-graph-diagnostic.v1", "kind": "read", "capture_id": 2, "replay_id": 415, "host_read_bytes": 98344, "host_read_ns": 4387}
{"schema": "riley.owned-graph-diagnostic.v1", "kind": "replay", "capture_id": 2, "replay_id": 416, "position": 158, "host_staging_bytes": 98344, "event_setup_ns": 435, "host_staging_ns": 1551, "host_launch_ns": 5168, "host_wait_ns": 1024934, "cuda_graph_span_ns": 1027647.972, "event_status": 0, "launch_status": 0, "completion_status": 0}
{"schema": "riley.owned-graph-diagnostic.v1", "kind": "read", "capture_id": 2, "replay_id": 416, "host_read_bytes": 98344, "host_read_ns": 4414}
{"schema": "riley.owned-graph-diagnostic.v1", "kind": "replay", "capture_id": 1, "replay_id": 417, "position": 127, "host_staging_bytes": 98344, "event_setup_ns": 706, "host_staging_ns": 1570, "host_launch_ns": 9717, "host_wait_ns": 4600762, "cuda_graph_span_ns": 4607135.773, "event_status": 0, "launch_status": 0, "completion_status": 0}
{"schema": "riley.owned-graph-diagnostic.v1", "kind": "read", "capture_id": 1, "replay_id": 417, "host_read_bytes": 98344, "host_read_ns": 5950}
{"schema": "riley.owned-graph-diagnostic.v1", "kind": "replay", "capture_id": 2, "replay_id": 418, "position": 128, "host_staging_bytes": 98344, "event_setup_ns": 1327, "host_staging_ns": 1776, "host_launch_ns": 7680, "host_wait_ns": 1043281, "cuda_graph_span_ns": 1047839.999, "event_status": 0, "launch_status": 0, "completion_status": 0}
{"schema": "riley.owned-graph-diagnostic.v1", "kind": "read", "capture_id": 2, "replay_id": 418, "host_read_bytes": 98344, "host_read_ns": 5062}
{"schema": "riley.owned-graph-diagnostic.v1", "kind": "replay", "capture_id": 2, "replay_id": 419, "position": 129, "host_staging_bytes": 98344, "event_setup_ns": 788, "host_staging_ns": 1702, "host_launch_ns": 6494, "host_wait_ns": 986157, "cuda_graph_span_ns": 990112.007, "event_status": 0, "launch_status": 0, "completion_status": 0}
{"schema": "riley.owned-graph-diagnostic.v1", "kind": "read", "capture_id": 2, "replay_id": 419, "host_read_bytes": 98344, "host_read_ns": 4830}
{"schema": "riley.owned-graph-diagnostic.v1", "kind": "replay", "capture_id": 2, "replay_id": 420, "position": 130, "host_staging_bytes": 98344, "event_setup_ns": 411, "host_staging_ns": 1541, "host_launch_ns": 4932, "host_wait_ns": 992985, "cuda_graph_span_ns": 995360.017, "event_status": 0, "launch_status": 0, "completion_status": 0}
{"schema": "riley.owned-graph-diagnostic.v1", "kind": "read", "capture_id": 2, "replay_id": 420, "host_read_bytes": 98344, "host_read_ns": 4602}
{"schema": "riley.owned-graph-diagnostic.v1", "kind": "replay", "capture_id": 2, "replay_id": 421, "position": 131, "host_staging_bytes": 98344, "event_setup_ns": 458, "host_staging_ns": 1531, "host_launch_ns": 4708, "host_wait_ns": 983283, "cuda_graph_span_ns": 985503.972, "event_status": 0, "launch_status": 0, "completion_status": 0}
{"schema": "riley.owned-graph-diagnostic.v1", "kind": "read", "capture_id": 2, "replay_id": 421, "host_read_bytes": 98344, "host_read_ns": 4431}
{"schema": "riley.owned-graph-diagnostic.v1", "kind": "replay", "capture_id": 2, "replay_id": 422, "position": 132, "host_staging_bytes": 98344, "event_setup_ns": 585, "host_staging_ns": 1544, "host_launch_ns": 5178, "host_wait_ns": 985570, "cuda_graph_span_ns": 988095.999, "event_status": 0, "launch_status": 0, "completion_status": 0}
{"schema": "riley.owned-graph-diagnostic.v1", "kind": "read", "capture_id": 2, "replay_id": 422, "host_read_bytes": 98344, "host_read_ns": 4541}
{"schema": "riley.owned-graph-diagnostic.v1", "kind": "replay", "capture_id": 2, "replay_id": 423, "position": 133, "host_staging_bytes": 98344, "event_setup_ns": 423, "host_staging_ns": 1530, "host_launch_ns": 4899, "host_wait_ns": 990194, "cuda_graph_span_ns": 992608.011, "event_status": 0, "launch_status": 0, "completion_status": 0}
{"schema": "riley.owned-graph-diagnostic.v1", "kind": "read", "capture_id": 2, "replay_id": 423, "host_read_bytes": 98344, "host_read_ns": 4876}
{"schema": "riley.owned-graph-diagnostic.v1", "kind": "replay", "capture_id": 2, "replay_id": 424, "position": 134, "host_staging_bytes": 98344, "event_setup_ns": 304, "host_staging_ns": 1549, "host_launch_ns": 4776, "host_wait_ns": 982156, "cuda_graph_span_ns": 984448.016, "event_status": 0, "launch_status": 0, "completion_status": 0}
{"schema": "riley.owned-graph-diagnostic.v1", "kind": "read", "capture_id": 2, "replay_id": 424, "host_read_bytes": 98344, "host_read_ns": 4428}
{"schema": "riley.owned-graph-diagnostic.v1", "kind": "replay", "capture_id": 2, "replay_id": 425, "position": 135, "host_staging_bytes": 98344, "event_setup_ns": 411, "host_staging_ns": 1511, "host_launch_ns": 4999, "host_wait_ns": 985489, "cuda_graph_span_ns": 988063.991, "event_status": 0, "launch_status": 0, "completion_status": 0}
{"schema": "riley.owned-graph-diagnostic.v1", "kind": "read", "capture_id": 2, "replay_id": 425, "host_read_bytes": 98344, "host_read_ns": 4784}
{"schema": "riley.owned-graph-diagnostic.v1", "kind": "replay", "capture_id": 2, "replay_id": 426, "position": 136, "host_staging_bytes": 98344, "event_setup_ns": 383, "host_staging_ns": 1527, "host_launch_ns": 4835, "host_wait_ns": 983677, "cuda_graph_span_ns": 985984.027, "event_status": 0, "launch_status": 0, "completion_status": 0}
{"schema": "riley.owned-graph-diagnostic.v1", "kind": "read", "capture_id": 2, "replay_id": 426, "host_read_bytes": 98344, "host_read_ns": 3991}
{"schema": "riley.owned-graph-diagnostic.v1", "kind": "replay", "capture_id": 2, "replay_id": 427, "position": 137, "host_staging_bytes": 98344, "event_setup_ns": 281, "host_staging_ns": 1540, "host_launch_ns": 4690, "host_wait_ns": 990477, "cuda_graph_span_ns": 992832.005, "event_status": 0, "launch_status": 0, "completion_status": 0}
{"schema": "riley.owned-graph-diagnostic.v1", "kind": "read", "capture_id": 2, "replay_id": 427, "host_read_bytes": 98344, "host_read_ns": 4563}
{"schema": "riley.owned-graph-diagnostic.v1", "kind": "replay", "capture_id": 2, "replay_id": 428, "position": 138, "host_staging_bytes": 98344, "event_setup_ns": 335, "host_staging_ns": 1529, "host_launch_ns": 4694, "host_wait_ns": 1000054, "cuda_graph_span_ns": 1002431.989, "event_status": 0, "launch_status": 0, "completion_status": 0}
{"schema": "riley.owned-graph-diagnostic.v1", "kind": "read", "capture_id": 2, "replay_id": 428, "host_read_bytes": 98344, "host_read_ns": 5024}
{"schema": "riley.owned-graph-diagnostic.v1", "kind": "replay", "capture_id": 2, "replay_id": 429, "position": 139, "host_staging_bytes": 98344, "event_setup_ns": 307, "host_staging_ns": 1527, "host_launch_ns": 4620, "host_wait_ns": 999579, "cuda_graph_span_ns": 1001279.95, "event_status": 0, "launch_status": 0, "completion_status": 0}
{"schema": "riley.owned-graph-diagnostic.v1", "kind": "read", "capture_id": 2, "replay_id": 429, "host_read_bytes": 98344, "host_read_ns": 5041}
{"schema": "riley.owned-graph-diagnostic.v1", "kind": "replay", "capture_id": 2, "replay_id": 430, "position": 140, "host_staging_bytes": 98344, "event_setup_ns": 484, "host_staging_ns": 1594, "host_launch_ns": 5743, "host_wait_ns": 992211, "cuda_graph_span_ns": 995584.011, "event_status": 0, "launch_status": 0, "completion_status": 0}
{"schema": "riley.owned-graph-diagnostic.v1", "kind": "read", "capture_id": 2, "replay_id": 430, "host_read_bytes": 98344, "host_read_ns": 5080}
{"schema": "riley.owned-graph-diagnostic.v1", "kind": "replay", "capture_id": 2, "replay_id": 431, "position": 141, "host_staging_bytes": 98344, "event_setup_ns": 384, "host_staging_ns": 1545, "host_launch_ns": 4605, "host_wait_ns": 991804, "cuda_graph_span_ns": 993951.976, "event_status": 0, "launch_status": 0, "completion_status": 0}
{"schema": "riley.owned-graph-diagnostic.v1", "kind": "read", "capture_id": 2, "replay_id": 431, "host_read_bytes": 98344, "host_read_ns": 4610}
{"schema": "riley.owned-graph-diagnostic.v1", "kind": "replay", "capture_id": 2, "replay_id": 432, "position": 142, "host_staging_bytes": 98344, "event_setup_ns": 412, "host_staging_ns": 1555, "host_launch_ns": 4711, "host_wait_ns": 990319, "cuda_graph_span_ns": 992767.99, "event_status": 0, "launch_status": 0, "completion_status": 0}
{"schema": "riley.owned-graph-diagnostic.v1", "kind": "read", "capture_id": 2, "replay_id": 432, "host_read_bytes": 98344, "host_read_ns": 4782}
{"schema": "riley.owned-graph-diagnostic.v1", "kind": "replay", "capture_id": 2, "replay_id": 433, "position": 143, "host_staging_bytes": 98344, "event_setup_ns": 414, "host_staging_ns": 1540, "host_launch_ns": 4768, "host_wait_ns": 992490, "cuda_graph_span_ns": 994751.99, "event_status": 0, "launch_status": 0, "completion_status": 0}
{"schema": "riley.owned-graph-diagnostic.v1", "kind": "read", "capture_id": 2, "replay_id": 433, "host_read_bytes": 98344, "host_read_ns": 4475}
{"schema": "riley.owned-graph-diagnostic.v1", "kind": "replay", "capture_id": 2, "replay_id": 434, "position": 144, "host_staging_bytes": 98344, "event_setup_ns": 323, "host_staging_ns": 1537, "host_launch_ns": 4544, "host_wait_ns": 999361, "cuda_graph_span_ns": 1001664.042, "event_status": 0, "launch_status": 0, "completion_status": 0}
{"schema": "riley.owned-graph-diagnostic.v1", "kind": "read", "capture_id": 2, "replay_id": 434, "host_read_bytes": 98344, "host_read_ns": 4670}
{"schema": "riley.owned-graph-diagnostic.v1", "kind": "replay", "capture_id": 2, "replay_id": 435, "position": 145, "host_staging_bytes": 98344, "event_setup_ns": 286, "host_staging_ns": 1518, "host_launch_ns": 4646, "host_wait_ns": 1008578, "cuda_graph_span_ns": 1010879.993, "event_status": 0, "launch_status": 0, "completion_status": 0}
{"schema": "riley.owned-graph-diagnostic.v1", "kind": "read", "capture_id": 2, "replay_id": 435, "host_read_bytes": 98344, "host_read_ns": 4549}
{"schema": "riley.owned-graph-diagnostic.v1", "kind": "replay", "capture_id": 2, "replay_id": 436, "position": 146, "host_staging_bytes": 98344, "event_setup_ns": 300, "host_staging_ns": 1511, "host_launch_ns": 4651, "host_wait_ns": 1015469, "cuda_graph_span_ns": 1017760.038, "event_status": 0, "launch_status": 0, "completion_status": 0}
{"schema": "riley.owned-graph-diagnostic.v1", "kind": "read", "capture_id": 2, "replay_id": 436, "host_read_bytes": 98344, "host_read_ns": 4675}
{"schema": "riley.owned-graph-diagnostic.v1", "kind": "replay", "capture_id": 2, "replay_id": 437, "position": 147, "host_staging_bytes": 98344, "event_setup_ns": 404, "host_staging_ns": 1521, "host_launch_ns": 4761, "host_wait_ns": 1025222, "cuda_graph_span_ns": 1027328.014, "event_status": 0, "launch_status": 0, "completion_status": 0}
{"schema": "riley.owned-graph-diagnostic.v1", "kind": "read", "capture_id": 2, "replay_id": 437, "host_read_bytes": 98344, "host_read_ns": 4472}
{"schema": "riley.owned-graph-diagnostic.v1", "kind": "replay", "capture_id": 2, "replay_id": 438, "position": 148, "host_staging_bytes": 98344, "event_setup_ns": 360, "host_staging_ns": 1524, "host_launch_ns": 4686, "host_wait_ns": 1017745, "cuda_graph_span_ns": 1020095.944, "event_status": 0, "launch_status": 0, "completion_status": 0}
{"schema": "riley.owned-graph-diagnostic.v1", "kind": "read", "capture_id": 2, "replay_id": 438, "host_read_bytes": 98344, "host_read_ns": 4265}
{"schema": "riley.owned-graph-diagnostic.v1", "kind": "replay", "capture_id": 2, "replay_id": 439, "position": 149, "host_staging_bytes": 98344, "event_setup_ns": 336, "host_staging_ns": 1527, "host_launch_ns": 4712, "host_wait_ns": 1023973, "cuda_graph_span_ns": 1026111.96, "event_status": 0, "launch_status": 0, "completion_status": 0}
{"schema": "riley.owned-graph-diagnostic.v1", "kind": "read", "capture_id": 2, "replay_id": 439, "host_read_bytes": 98344, "host_read_ns": 4447}
{"schema": "riley.owned-graph-diagnostic.v1", "kind": "replay", "capture_id": 2, "replay_id": 440, "position": 150, "host_staging_bytes": 98344, "event_setup_ns": 294, "host_staging_ns": 1529, "host_launch_ns": 4713, "host_wait_ns": 1015146, "cuda_graph_span_ns": 1017312.05, "event_status": 0, "launch_status": 0, "completion_status": 0}
{"schema": "riley.owned-graph-diagnostic.v1", "kind": "read", "capture_id": 2, "replay_id": 440, "host_read_bytes": 98344, "host_read_ns": 4849}
{"schema": "riley.owned-graph-diagnostic.v1", "kind": "replay", "capture_id": 2, "replay_id": 441, "position": 151, "host_staging_bytes": 98344, "event_setup_ns": 555, "host_staging_ns": 1616, "host_launch_ns": 6075, "host_wait_ns": 1008742, "cuda_graph_span_ns": 1012223.959, "event_status": 0, "launch_status": 0, "completion_status": 0}
{"schema": "riley.owned-graph-diagnostic.v1", "kind": "read", "capture_id": 2, "replay_id": 441, "host_read_bytes": 98344, "host_read_ns": 4442}
{"schema": "riley.owned-graph-diagnostic.v1", "kind": "replay", "capture_id": 2, "replay_id": 442, "position": 152, "host_staging_bytes": 98344, "event_setup_ns": 324, "host_staging_ns": 1523, "host_launch_ns": 4660, "host_wait_ns": 1015870, "cuda_graph_span_ns": 1018144.011, "event_status": 0, "launch_status": 0, "completion_status": 0}
{"schema": "riley.owned-graph-diagnostic.v1", "kind": "read", "capture_id": 2, "replay_id": 442, "host_read_bytes": 98344, "host_read_ns": 4728}
{"schema": "riley.owned-graph-diagnostic.v1", "kind": "replay", "capture_id": 2, "replay_id": 443, "position": 153, "host_staging_bytes": 98344, "event_setup_ns": 372, "host_staging_ns": 1537, "host_launch_ns": 4414, "host_wait_ns": 1016042, "cuda_graph_span_ns": 1018048.048, "event_status": 0, "launch_status": 0, "completion_status": 0}
{"schema": "riley.owned-graph-diagnostic.v1", "kind": "read", "capture_id": 2, "replay_id": 443, "host_read_bytes": 98344, "host_read_ns": 4513}
{"schema": "riley.owned-graph-diagnostic.v1", "kind": "replay", "capture_id": 2, "replay_id": 444, "position": 154, "host_staging_bytes": 98344, "event_setup_ns": 362, "host_staging_ns": 1531, "host_launch_ns": 4772, "host_wait_ns": 1017750, "cuda_graph_span_ns": 1020128.012, "event_status": 0, "launch_status": 0, "completion_status": 0}
{"schema": "riley.owned-graph-diagnostic.v1", "kind": "read", "capture_id": 2, "replay_id": 444, "host_read_bytes": 98344, "host_read_ns": 4492}
{"schema": "riley.owned-graph-diagnostic.v1", "kind": "replay", "capture_id": 2, "replay_id": 445, "position": 155, "host_staging_bytes": 98344, "event_setup_ns": 284, "host_staging_ns": 1516, "host_launch_ns": 4859, "host_wait_ns": 1032871, "cuda_graph_span_ns": 1035328.031, "event_status": 0, "launch_status": 0, "completion_status": 0}
{"schema": "riley.owned-graph-diagnostic.v1", "kind": "read", "capture_id": 2, "replay_id": 445, "host_read_bytes": 98344, "host_read_ns": 4712}
{"schema": "riley.owned-graph-diagnostic.v1", "kind": "replay", "capture_id": 2, "replay_id": 446, "position": 156, "host_staging_bytes": 98344, "event_setup_ns": 304, "host_staging_ns": 1525, "host_launch_ns": 4657, "host_wait_ns": 1023852, "cuda_graph_span_ns": 1026047.945, "event_status": 0, "launch_status": 0, "completion_status": 0}
{"schema": "riley.owned-graph-diagnostic.v1", "kind": "read", "capture_id": 2, "replay_id": 446, "host_read_bytes": 98344, "host_read_ns": 5780}
{"schema": "riley.owned-graph-diagnostic.v1", "kind": "replay", "capture_id": 2, "replay_id": 447, "position": 157, "host_staging_bytes": 98344, "event_setup_ns": 283, "host_staging_ns": 1544, "host_launch_ns": 4761, "host_wait_ns": 1024494, "cuda_graph_span_ns": 1026880.026, "event_status": 0, "launch_status": 0, "completion_status": 0}
{"schema": "riley.owned-graph-diagnostic.v1", "kind": "read", "capture_id": 2, "replay_id": 447, "host_read_bytes": 98344, "host_read_ns": 4236}
{"schema": "riley.owned-graph-diagnostic.v1", "kind": "replay", "capture_id": 2, "replay_id": 448, "position": 158, "host_staging_bytes": 98344, "event_setup_ns": 347, "host_staging_ns": 1537, "host_launch_ns": 4600, "host_wait_ns": 1023811, "cuda_graph_span_ns": 1025887.966, "event_status": 0, "launch_status": 0, "completion_status": 0}
{"schema": "riley.owned-graph-diagnostic.v1", "kind": "read", "capture_id": 2, "replay_id": 448, "host_read_bytes": 98344, "host_read_ns": 4854}
{"schema": "riley.owned-graph-diagnostic.v1", "kind": "replay", "capture_id": 1, "replay_id": 449, "position": 127, "host_staging_bytes": 98344, "event_setup_ns": 837, "host_staging_ns": 1592, "host_launch_ns": 9862, "host_wait_ns": 4601087, "cuda_graph_span_ns": 4607967.854, "event_status": 0, "launch_status": 0, "completion_status": 0}
{"schema": "riley.owned-graph-diagnostic.v1", "kind": "read", "capture_id": 1, "replay_id": 449, "host_read_bytes": 98344, "host_read_ns": 5064}
{"schema": "riley.owned-graph-diagnostic.v1", "kind": "replay", "capture_id": 2, "replay_id": 450, "position": 128, "host_staging_bytes": 98344, "event_setup_ns": 488, "host_staging_ns": 1587, "host_launch_ns": 5611, "host_wait_ns": 1047857, "cuda_graph_span_ns": 1050624.013, "event_status": 0, "launch_status": 0, "completion_status": 0}
{"schema": "riley.owned-graph-diagnostic.v1", "kind": "read", "capture_id": 2, "replay_id": 450, "host_read_bytes": 98344, "host_read_ns": 4704}
{"schema": "riley.owned-graph-diagnostic.v1", "kind": "replay", "capture_id": 2, "replay_id": 451, "position": 129, "host_staging_bytes": 98344, "event_setup_ns": 417, "host_staging_ns": 1512, "host_launch_ns": 7085, "host_wait_ns": 979193, "cuda_graph_span_ns": 984160.006, "event_status": 0, "launch_status": 0, "completion_status": 0}
{"schema": "riley.owned-graph-diagnostic.v1", "kind": "read", "capture_id": 2, "replay_id": 451, "host_read_bytes": 98344, "host_read_ns": 5240}
{"schema": "riley.owned-graph-diagnostic.v1", "kind": "replay", "capture_id": 2, "replay_id": 452, "position": 130, "host_staging_bytes": 98344, "event_setup_ns": 533, "host_staging_ns": 1517, "host_launch_ns": 4946, "host_wait_ns": 982223, "cuda_graph_span_ns": 984767.973, "event_status": 0, "launch_status": 0, "completion_status": 0}
{"schema": "riley.owned-graph-diagnostic.v1", "kind": "read", "capture_id": 2, "replay_id": 452, "host_read_bytes": 98344, "host_read_ns": 4540}
{"schema": "riley.owned-graph-diagnostic.v1", "kind": "replay", "capture_id": 2, "replay_id": 453, "position": 131, "host_staging_bytes": 98344, "event_setup_ns": 323, "host_staging_ns": 1531, "host_launch_ns": 4625, "host_wait_ns": 990474, "cuda_graph_span_ns": 992640.018, "event_status": 0, "launch_status": 0, "completion_status": 0}
{"schema": "riley.owned-graph-diagnostic.v1", "kind": "read", "capture_id": 2, "replay_id": 453, "host_read_bytes": 98344, "host_read_ns": 4455}
{"schema": "riley.owned-graph-diagnostic.v1", "kind": "replay", "capture_id": 2, "replay_id": 454, "position": 132, "host_staging_bytes": 98344, "event_setup_ns": 376, "host_staging_ns": 1509, "host_launch_ns": 4694, "host_wait_ns": 986385, "cuda_graph_span_ns": 988511.98, "event_status": 0, "launch_status": 0, "completion_status": 0}
{"schema": "riley.owned-graph-diagnostic.v1", "kind": "read", "capture_id": 2, "replay_id": 454, "host_read_bytes": 98344, "host_read_ns": 4553}
{"schema": "riley.owned-graph-diagnostic.v1", "kind": "replay", "capture_id": 2, "replay_id": 455, "position": 133, "host_staging_bytes": 98344, "event_setup_ns": 502, "host_staging_ns": 1568, "host_launch_ns": 4909, "host_wait_ns": 993377, "cuda_graph_span_ns": 995775.998, "event_status": 0, "launch_status": 0, "completion_status": 0}
{"schema": "riley.owned-graph-diagnostic.v1", "kind": "read", "capture_id": 2, "replay_id": 455, "host_read_bytes": 98344, "host_read_ns": 4558}
{"schema": "riley.owned-graph-diagnostic.v1", "kind": "replay", "capture_id": 2, "replay_id": 456, "position": 134, "host_staging_bytes": 98344, "event_setup_ns": 309, "host_staging_ns": 1540, "host_launch_ns": 4527, "host_wait_ns": 990912, "cuda_graph_span_ns": 993023.992, "event_status": 0, "launch_status": 0, "completion_status": 0}
{"schema": "riley.owned-graph-diagnostic.v1", "kind": "read", "capture_id": 2, "replay_id": 456, "host_read_bytes": 98344, "host_read_ns": 4499}
{"schema": "riley.owned-graph-diagnostic.v1", "kind": "replay", "capture_id": 2, "replay_id": 457, "position": 135, "host_staging_bytes": 98344, "event_setup_ns": 325, "host_staging_ns": 1537, "host_launch_ns": 4761, "host_wait_ns": 992265, "cuda_graph_span_ns": 994271.994, "event_status": 0, "launch_status": 0, "completion_status": 0}
{"schema": "riley.owned-graph-diagnostic.v1", "kind": "read", "capture_id": 2, "replay_id": 457, "host_read_bytes": 98344, "host_read_ns": 4692}
{"schema": "riley.owned-graph-diagnostic.v1", "kind": "replay", "capture_id": 2, "replay_id": 458, "position": 136, "host_staging_bytes": 98344, "event_setup_ns": 276, "host_staging_ns": 1525, "host_launch_ns": 5369, "host_wait_ns": 984691, "cuda_graph_span_ns": 987680.018, "event_status": 0, "launch_status": 0, "completion_status": 0}
{"schema": "riley.owned-graph-diagnostic.v1", "kind": "read", "capture_id": 2, "replay_id": 458, "host_read_bytes": 98344, "host_read_ns": 4569}
{"schema": "riley.owned-graph-diagnostic.v1", "kind": "replay", "capture_id": 2, "replay_id": 459, "position": 137, "host_staging_bytes": 98344, "event_setup_ns": 353, "host_staging_ns": 1539, "host_launch_ns": 4658, "host_wait_ns": 992100, "cuda_graph_span_ns": 994112.015, "event_status": 0, "launch_status": 0, "completion_status": 0}
{"schema": "riley.owned-graph-diagnostic.v1", "kind": "read", "capture_id": 2, "replay_id": 459, "host_read_bytes": 98344, "host_read_ns": 4499}
{"schema": "riley.owned-graph-diagnostic.v1", "kind": "replay", "capture_id": 2, "replay_id": 460, "position": 138, "host_staging_bytes": 98344, "event_setup_ns": 327, "host_staging_ns": 1520, "host_launch_ns": 4710, "host_wait_ns": 991237, "cuda_graph_span_ns": 993632.019, "event_status": 0, "launch_status": 0, "completion_status": 0}
{"schema": "riley.owned-graph-diagnostic.v1", "kind": "read", "capture_id": 2, "replay_id": 460, "host_read_bytes": 98344, "host_read_ns": 4616}
{"schema": "riley.owned-graph-diagnostic.v1", "kind": "replay", "capture_id": 2, "replay_id": 461, "position": 139, "host_staging_bytes": 98344, "event_setup_ns": 296, "host_staging_ns": 1535, "host_launch_ns": 4887, "host_wait_ns": 993558, "cuda_graph_span_ns": 996128.023, "event_status": 0, "launch_status": 0, "completion_status": 0}
{"schema": "riley.owned-graph-diagnostic.v1", "kind": "read", "capture_id": 2, "replay_id": 461, "host_read_bytes": 98344, "host_read_ns": 4520}
{"schema": "riley.owned-graph-diagnostic.v1", "kind": "replay", "capture_id": 2, "replay_id": 462, "position": 140, "host_staging_bytes": 98344, "event_setup_ns": 276, "host_staging_ns": 1532, "host_launch_ns": 4851, "host_wait_ns": 994291, "cuda_graph_span_ns": 996640.027, "event_status": 0, "launch_status": 0, "completion_status": 0}
{"schema": "riley.owned-graph-diagnostic.v1", "kind": "read", "capture_id": 2, "replay_id": 462, "host_read_bytes": 98344, "host_read_ns": 3975}
{"schema": "riley.owned-graph-diagnostic.v1", "kind": "replay", "capture_id": 2, "replay_id": 463, "position": 141, "host_staging_bytes": 98344, "event_setup_ns": 356, "host_staging_ns": 1543, "host_launch_ns": 4577, "host_wait_ns": 992017, "cuda_graph_span_ns": 994271.994, "event_status": 0, "launch_status": 0, "completion_status": 0}
{"schema": "riley.owned-graph-diagnostic.v1", "kind": "read", "capture_id": 2, "replay_id": 463, "host_read_bytes": 98344, "host_read_ns": 4859}
{"schema": "riley.owned-graph-diagnostic.v1", "kind": "replay", "capture_id": 2, "replay_id": 464, "position": 142, "host_staging_bytes": 98344, "event_setup_ns": 340, "host_staging_ns": 1537, "host_launch_ns": 4679, "host_wait_ns": 1000846, "cuda_graph_span_ns": 1003263.95, "event_status": 0, "launch_status": 0, "completion_status": 0}
{"schema": "riley.owned-graph-diagnostic.v1", "kind": "read", "capture_id": 2, "replay_id": 464, "host_read_bytes": 98344, "host_read_ns": 4660}
{"schema": "riley.owned-graph-diagnostic.v1", "kind": "replay", "capture_id": 2, "replay_id": 465, "position": 143, "host_staging_bytes": 98344, "event_setup_ns": 379, "host_staging_ns": 1535, "host_launch_ns": 4809, "host_wait_ns": 991562, "cuda_graph_span_ns": 993888.021, "event_status": 0, "launch_status": 0, "completion_status": 0}
{"schema": "riley.owned-graph-diagnostic.v1", "kind": "read", "capture_id": 2, "replay_id": 465, "host_read_bytes": 98344, "host_read_ns": 4688}
{"schema": "riley.owned-graph-diagnostic.v1", "kind": "replay", "capture_id": 2, "replay_id": 466, "position": 144, "host_staging_bytes": 98344, "event_setup_ns": 362, "host_staging_ns": 1517, "host_launch_ns": 4623, "host_wait_ns": 1008326, "cuda_graph_span_ns": 1010400.057, "event_status": 0, "launch_status": 0, "completion_status": 0}
{"schema": "riley.owned-graph-diagnostic.v1", "kind": "read", "capture_id": 2, "replay_id": 466, "host_read_bytes": 98344, "host_read_ns": 4798}
{"schema": "riley.owned-graph-diagnostic.v1", "kind": "replay", "capture_id": 2, "replay_id": 467, "position": 145, "host_staging_bytes": 98344, "event_setup_ns": 402, "host_staging_ns": 1524, "host_launch_ns": 4501, "host_wait_ns": 1024127, "cuda_graph_span_ns": 1026335.955, "event_status": 0, "launch_status": 0, "completion_status": 0}
{"schema": "riley.owned-graph-diagnostic.v1", "kind": "read", "capture_id": 2, "replay_id": 467, "host_read_bytes": 98344, "host_read_ns": 5191}
{"schema": "riley.owned-graph-diagnostic.v1", "kind": "replay", "capture_id": 2, "replay_id": 468, "position": 146, "host_staging_bytes": 98344, "event_setup_ns": 358, "host_staging_ns": 1537, "host_launch_ns": 4582, "host_wait_ns": 1023372, "cuda_graph_span_ns": 1025344.014, "event_status": 0, "launch_status": 0, "completion_status": 0}
{"schema": "riley.owned-graph-diagnostic.v1", "kind": "read", "capture_id": 2, "replay_id": 468, "host_read_bytes": 98344, "host_read_ns": 4461}
{"schema": "riley.owned-graph-diagnostic.v1", "kind": "replay", "capture_id": 2, "replay_id": 469, "position": 147, "host_staging_bytes": 98344, "event_setup_ns": 348, "host_staging_ns": 1515, "host_launch_ns": 4605, "host_wait_ns": 1026056, "cuda_graph_span_ns": 1028223.991, "event_status": 0, "launch_status": 0, "completion_status": 0}
{"schema": "riley.owned-graph-diagnostic.v1", "kind": "read", "capture_id": 2, "replay_id": 469, "host_read_bytes": 98344, "host_read_ns": 4472}
{"schema": "riley.owned-graph-diagnostic.v1", "kind": "replay", "capture_id": 2, "replay_id": 470, "position": 148, "host_staging_bytes": 98344, "event_setup_ns": 317, "host_staging_ns": 1534, "host_launch_ns": 4477, "host_wait_ns": 1016635, "cuda_graph_span_ns": 1018880.01, "event_status": 0, "launch_status": 0, "completion_status": 0}
{"schema": "riley.owned-graph-diagnostic.v1", "kind": "read", "capture_id": 2, "replay_id": 470, "host_read_bytes": 98344, "host_read_ns": 4416}
{"schema": "riley.owned-graph-diagnostic.v1", "kind": "replay", "capture_id": 2, "replay_id": 471, "position": 149, "host_staging_bytes": 98344, "event_setup_ns": 360, "host_staging_ns": 1534, "host_launch_ns": 4787, "host_wait_ns": 1016284, "cuda_graph_span_ns": 1018592.0, "event_status": 0, "launch_status": 0, "completion_status": 0}
{"schema": "riley.owned-graph-diagnostic.v1", "kind": "read", "capture_id": 2, "replay_id": 471, "host_read_bytes": 98344, "host_read_ns": 4854}
{"schema": "riley.owned-graph-diagnostic.v1", "kind": "replay", "capture_id": 2, "replay_id": 472, "position": 150, "host_staging_bytes": 98344, "event_setup_ns": 301, "host_staging_ns": 1522, "host_launch_ns": 4559, "host_wait_ns": 1015405, "cuda_graph_span_ns": 1017439.961, "event_status": 0, "launch_status": 0, "completion_status": 0}
{"schema": "riley.owned-graph-diagnostic.v1", "kind": "read", "capture_id": 2, "replay_id": 472, "host_read_bytes": 98344, "host_read_ns": 4666}
{"schema": "riley.owned-graph-diagnostic.v1", "kind": "replay", "capture_id": 2, "replay_id": 473, "position": 151, "host_staging_bytes": 98344, "event_setup_ns": 298, "host_staging_ns": 1525, "host_launch_ns": 4571, "host_wait_ns": 1025074, "cuda_graph_span_ns": 1026911.974, "event_status": 0, "launch_status": 0, "completion_status": 0}
{"schema": "riley.owned-graph-diagnostic.v1", "kind": "read", "capture_id": 2, "replay_id": 473, "host_read_bytes": 98344, "host_read_ns": 4207}
{"schema": "riley.owned-graph-diagnostic.v1", "kind": "replay", "capture_id": 2, "replay_id": 474, "position": 152, "host_staging_bytes": 98344, "event_setup_ns": 276, "host_staging_ns": 1522, "host_launch_ns": 4637, "host_wait_ns": 1025523, "cuda_graph_span_ns": 1027776.003, "event_status": 0, "launch_status": 0, "completion_status": 0}
{"schema": "riley.owned-graph-diagnostic.v1", "kind": "read", "capture_id": 2, "replay_id": 474, "host_read_bytes": 98344, "host_read_ns": 5313}
{"schema": "riley.owned-graph-diagnostic.v1", "kind": "replay", "capture_id": 2, "replay_id": 475, "position": 153, "host_staging_bytes": 98344, "event_setup_ns": 347, "host_staging_ns": 1514, "host_launch_ns": 4435, "host_wait_ns": 1026071, "cuda_graph_span_ns": 1027968.049, "event_status": 0, "launch_status": 0, "completion_status": 0}
{"schema": "riley.owned-graph-diagnostic.v1", "kind": "read", "capture_id": 2, "replay_id": 475, "host_read_bytes": 98344, "host_read_ns": 4744}
{"schema": "riley.owned-graph-diagnostic.v1", "kind": "replay", "capture_id": 2, "replay_id": 476, "position": 154, "host_staging_bytes": 98344, "event_setup_ns": 396, "host_staging_ns": 1532, "host_launch_ns": 4781, "host_wait_ns": 1032939, "cuda_graph_span_ns": 1035071.969, "event_status": 0, "launch_status": 0, "completion_status": 0}
{"schema": "riley.owned-graph-diagnostic.v1", "kind": "read", "capture_id": 2, "replay_id": 476, "host_read_bytes": 98344, "host_read_ns": 4949}
{"schema": "riley.owned-graph-diagnostic.v1", "kind": "replay", "capture_id": 2, "replay_id": 477, "position": 155, "host_staging_bytes": 98344, "event_setup_ns": 466, "host_staging_ns": 1527, "host_launch_ns": 4635, "host_wait_ns": 1032106, "cuda_graph_span_ns": 1034271.955, "event_status": 0, "launch_status": 0, "completion_status": 0}
{"schema": "riley.owned-graph-diagnostic.v1", "kind": "read", "capture_id": 2, "replay_id": 477, "host_read_bytes": 98344, "host_read_ns": 4679}
{"schema": "riley.owned-graph-diagnostic.v1", "kind": "replay", "capture_id": 2, "replay_id": 478, "position": 156, "host_staging_bytes": 98344, "event_setup_ns": 280, "host_staging_ns": 1547, "host_launch_ns": 4610, "host_wait_ns": 1017356, "cuda_graph_span_ns": 1019135.952, "event_status": 0, "launch_status": 0, "completion_status": 0}
{"schema": "riley.owned-graph-diagnostic.v1", "kind": "read", "capture_id": 2, "replay_id": 478, "host_read_bytes": 98344, "host_read_ns": 4880}
{"schema": "riley.owned-graph-diagnostic.v1", "kind": "replay", "capture_id": 2, "replay_id": 479, "position": 157, "host_staging_bytes": 98344, "event_setup_ns": 292, "host_staging_ns": 1536, "host_launch_ns": 4528, "host_wait_ns": 1032366, "cuda_graph_span_ns": 1034016.013, "event_status": 0, "launch_status": 0, "completion_status": 0}
{"schema": "riley.owned-graph-diagnostic.v1", "kind": "read", "capture_id": 2, "replay_id": 479, "host_read_bytes": 98344, "host_read_ns": 4621}
{"schema": "riley.owned-graph-diagnostic.v1", "kind": "replay", "capture_id": 2, "replay_id": 480, "position": 158, "host_staging_bytes": 98344, "event_setup_ns": 376, "host_staging_ns": 1550, "host_launch_ns": 4546, "host_wait_ns": 1023110, "cuda_graph_span_ns": 1025215.983, "event_status": 0, "launch_status": 0, "completion_status": 0}
{"schema": "riley.owned-graph-diagnostic.v1", "kind": "read", "capture_id": 2, "replay_id": 480, "host_read_bytes": 98344, "host_read_ns": 4906}
{"schema": "riley.owned-graph-diagnostic.v1", "kind": "replay", "capture_id": 1, "replay_id": 481, "position": 127, "host_staging_bytes": 98344, "event_setup_ns": 1387, "host_staging_ns": 1645, "host_launch_ns": 8484, "host_wait_ns": 4601655, "cuda_graph_span_ns": 4607071.877, "event_status": 0, "launch_status": 0, "completion_status": 0}
{"schema": "riley.owned-graph-diagnostic.v1", "kind": "read", "capture_id": 1, "replay_id": 481, "host_read_bytes": 98344, "host_read_ns": 5209}
{"schema": "riley.owned-graph-diagnostic.v1", "kind": "replay", "capture_id": 2, "replay_id": 482, "position": 128, "host_staging_bytes": 98344, "event_setup_ns": 769, "host_staging_ns": 1705, "host_launch_ns": 7084, "host_wait_ns": 1044129, "cuda_graph_span_ns": 1048575.997, "event_status": 0, "launch_status": 0, "completion_status": 0}
{"schema": "riley.owned-graph-diagnostic.v1", "kind": "read", "capture_id": 2, "replay_id": 482, "host_read_bytes": 98344, "host_read_ns": 4892}
{"schema": "riley.owned-graph-diagnostic.v1", "kind": "replay", "capture_id": 2, "replay_id": 483, "position": 129, "host_staging_bytes": 98344, "event_setup_ns": 500, "host_staging_ns": 1560, "host_launch_ns": 5044, "host_wait_ns": 982763, "cuda_graph_span_ns": 985216.022, "event_status": 0, "launch_status": 0, "completion_status": 0}
{"schema": "riley.owned-graph-diagnostic.v1", "kind": "read", "capture_id": 2, "replay_id": 483, "host_read_bytes": 98344, "host_read_ns": 4653}
{"schema": "riley.owned-graph-diagnostic.v1", "kind": "replay", "capture_id": 2, "replay_id": 484, "position": 130, "host_staging_bytes": 98344, "event_setup_ns": 386, "host_staging_ns": 1533, "host_launch_ns": 5282, "host_wait_ns": 985627, "cuda_graph_span_ns": 988479.972, "event_status": 0, "launch_status": 0, "completion_status": 0}
{"schema": "riley.owned-graph-diagnostic.v1", "kind": "read", "capture_id": 2, "replay_id": 484, "host_read_bytes": 98344, "host_read_ns": 4518}
{"schema": "riley.owned-graph-diagnostic.v1", "kind": "replay", "capture_id": 2, "replay_id": 485, "position": 131, "host_staging_bytes": 98344, "event_setup_ns": 324, "host_staging_ns": 1539, "host_launch_ns": 4635, "host_wait_ns": 994059, "cuda_graph_span_ns": 996096.015, "event_status": 0, "launch_status": 0, "completion_status": 0}
{"schema": "riley.owned-graph-diagnostic.v1", "kind": "read", "capture_id": 2, "replay_id": 485, "host_read_bytes": 98344, "host_read_ns": 4690}
{"schema": "riley.owned-graph-diagnostic.v1", "kind": "replay", "capture_id": 2, "replay_id": 486, "position": 132, "host_staging_bytes": 98344, "event_setup_ns": 369, "host_staging_ns": 1555, "host_launch_ns": 4971, "host_wait_ns": 983670, "cuda_graph_span_ns": 986047.983, "event_status": 0, "launch_status": 0, "completion_status": 0}
{"schema": "riley.owned-graph-diagnostic.v1", "kind": "read", "capture_id": 2, "replay_id": 486, "host_read_bytes": 98344, "host_read_ns": 4972}
{"schema": "riley.owned-graph-diagnostic.v1", "kind": "replay", "capture_id": 2, "replay_id": 487, "position": 133, "host_staging_bytes": 98344, "event_setup_ns": 293, "host_staging_ns": 1537, "host_launch_ns": 4591, "host_wait_ns": 992836, "cuda_graph_span_ns": 995104.015, "event_status": 0, "launch_status": 0, "completion_status": 0}
{"schema": "riley.owned-graph-diagnostic.v1", "kind": "read", "capture_id": 2, "replay_id": 487, "host_read_bytes": 98344, "host_read_ns": 4586}
{"schema": "riley.owned-graph-diagnostic.v1", "kind": "replay", "capture_id": 2, "replay_id": 488, "position": 134, "host_staging_bytes": 98344, "event_setup_ns": 341, "host_staging_ns": 1570, "host_launch_ns": 5090, "host_wait_ns": 982124, "cuda_graph_span_ns": 984863.997, "event_status": 0, "launch_status": 0, "completion_status": 0}
{"schema": "riley.owned-graph-diagnostic.v1", "kind": "read", "capture_id": 2, "replay_id": 488, "host_read_bytes": 98344, "host_read_ns": 5257}
{"schema": "riley.owned-graph-diagnostic.v1", "kind": "replay", "capture_id": 2, "replay_id": 489, "position": 135, "host_staging_bytes": 98344, "event_setup_ns": 294, "host_staging_ns": 1597, "host_launch_ns": 5133, "host_wait_ns": 984129, "cuda_graph_span_ns": 986751.974, "event_status": 0, "launch_status": 0, "completion_status": 0}
{"schema": "riley.owned-graph-diagnostic.v1", "kind": "read", "capture_id": 2, "replay_id": 489, "host_read_bytes": 98344, "host_read_ns": 4893}
{"schema": "riley.owned-graph-diagnostic.v1", "kind": "replay", "capture_id": 2, "replay_id": 490, "position": 136, "host_staging_bytes": 98344, "event_setup_ns": 302, "host_staging_ns": 1552, "host_launch_ns": 4900, "host_wait_ns": 983065, "cuda_graph_span_ns": 985632.002, "event_status": 0, "launch_status": 0, "completion_status": 0}
{"schema": "riley.owned-graph-diagnostic.v1", "kind": "read", "capture_id": 2, "replay_id": 490, "host_read_bytes": 98344, "host_read_ns": 4950}
{"schema": "riley.owned-graph-diagnostic.v1", "kind": "replay", "capture_id": 2, "replay_id": 491, "position": 137, "host_staging_bytes": 98344, "event_setup_ns": 389, "host_staging_ns": 1559, "host_launch_ns": 4837, "host_wait_ns": 984265, "cuda_graph_span_ns": 986527.979, "event_status": 0, "launch_status": 0, "completion_status": 0}
{"schema": "riley.owned-graph-diagnostic.v1", "kind": "read", "capture_id": 2, "replay_id": 491, "host_read_bytes": 98344, "host_read_ns": 5147}
{"schema": "riley.owned-graph-diagnostic.v1", "kind": "replay", "capture_id": 2, "replay_id": 492, "position": 138, "host_staging_bytes": 98344, "event_setup_ns": 653, "host_staging_ns": 1714, "host_launch_ns": 6279, "host_wait_ns": 993059, "cuda_graph_span_ns": 996991.992, "event_status": 0, "launch_status": 0, "completion_status": 0}
{"schema": "riley.owned-graph-diagnostic.v1", "kind": "read", "capture_id": 2, "replay_id": 492, "host_read_bytes": 98344, "host_read_ns": 5131}
{"schema": "riley.owned-graph-diagnostic.v1", "kind": "replay", "capture_id": 2, "replay_id": 493, "position": 139, "host_staging_bytes": 98344, "event_setup_ns": 510, "host_staging_ns": 1588, "host_launch_ns": 5012, "host_wait_ns": 990297, "cuda_graph_span_ns": 992767.99, "event_status": 0, "launch_status": 0, "completion_status": 0}
{"schema": "riley.owned-graph-diagnostic.v1", "kind": "read", "capture_id": 2, "replay_id": 493, "host_read_bytes": 98344, "host_read_ns": 4897}
{"schema": "riley.owned-graph-diagnostic.v1", "kind": "replay", "capture_id": 2, "replay_id": 494, "position": 140, "host_staging_bytes": 98344, "event_setup_ns": 396, "host_staging_ns": 1540, "host_launch_ns": 5020, "host_wait_ns": 991385, "cuda_graph_span_ns": 993920.028, "event_status": 0, "launch_status": 0, "completion_status": 0}
{"schema": "riley.owned-graph-diagnostic.v1", "kind": "read", "capture_id": 2, "replay_id": 494, "host_read_bytes": 98344, "host_read_ns": 5126}
{"schema": "riley.owned-graph-diagnostic.v1", "kind": "replay", "capture_id": 2, "replay_id": 495, "position": 141, "host_staging_bytes": 98344, "event_setup_ns": 500, "host_staging_ns": 1563, "host_launch_ns": 5096, "host_wait_ns": 991652, "cuda_graph_span_ns": 994400.024, "event_status": 0, "launch_status": 0, "completion_status": 0}
{"schema": "riley.owned-graph-diagnostic.v1", "kind": "read", "capture_id": 2, "replay_id": 495, "host_read_bytes": 98344, "host_read_ns": 4502}
{"schema": "riley.owned-graph-diagnostic.v1", "kind": "replay", "capture_id": 2, "replay_id": 496, "position": 142, "host_staging_bytes": 98344, "event_setup_ns": 283, "host_staging_ns": 1553, "host_launch_ns": 4971, "host_wait_ns": 992246, "cuda_graph_span_ns": 994751.99, "event_status": 0, "launch_status": 0, "completion_status": 0}
{"schema": "riley.owned-graph-diagnostic.v1", "kind": "read", "capture_id": 2, "replay_id": 496, "host_read_bytes": 98344, "host_read_ns": 4944}
{"schema": "riley.owned-graph-diagnostic.v1", "kind": "replay", "capture_id": 2, "replay_id": 497, "position": 143, "host_staging_bytes": 98344, "event_setup_ns": 489, "host_staging_ns": 1575, "host_launch_ns": 4924, "host_wait_ns": 992244, "cuda_graph_span_ns": 994719.982, "event_status": 0, "launch_status": 0, "completion_status": 0}
{"schema": "riley.owned-graph-diagnostic.v1", "kind": "read", "capture_id": 2, "replay_id": 497, "host_read_bytes": 98344, "host_read_ns": 4731}
{"schema": "riley.owned-graph-diagnostic.v1", "kind": "replay", "capture_id": 2, "replay_id": 498, "position": 144, "host_staging_bytes": 98344, "event_setup_ns": 313, "host_staging_ns": 1556, "host_launch_ns": 4643, "host_wait_ns": 1000951, "cuda_graph_span_ns": 1003200.054, "event_status": 0, "launch_status": 0, "completion_status": 0}
{"schema": "riley.owned-graph-diagnostic.v1", "kind": "read", "capture_id": 2, "replay_id": 498, "host_read_bytes": 98344, "host_read_ns": 4517}
{"schema": "riley.owned-graph-diagnostic.v1", "kind": "replay", "capture_id": 2, "replay_id": 499, "position": 145, "host_staging_bytes": 98344, "event_setup_ns": 406, "host_staging_ns": 1566, "host_launch_ns": 4998, "host_wait_ns": 1006933, "cuda_graph_span_ns": 1009439.945, "event_status": 0, "launch_status": 0, "completion_status": 0}
{"schema": "riley.owned-graph-diagnostic.v1", "kind": "read", "capture_id": 2, "replay_id": 499, "host_read_bytes": 98344, "host_read_ns": 4900}
{"schema": "riley.owned-graph-diagnostic.v1", "kind": "replay", "capture_id": 2, "replay_id": 500, "position": 146, "host_staging_bytes": 98344, "event_setup_ns": 370, "host_staging_ns": 1534, "host_launch_ns": 4757, "host_wait_ns": 1016502, "cuda_graph_span_ns": 1018815.994, "event_status": 0, "launch_status": 0, "completion_status": 0}
{"schema": "riley.owned-graph-diagnostic.v1", "kind": "read", "capture_id": 2, "replay_id": 500, "host_read_bytes": 98344, "host_read_ns": 4581}
{"schema": "riley.owned-graph-diagnostic.v1", "kind": "replay", "capture_id": 2, "replay_id": 501, "position": 147, "host_staging_bytes": 98344, "event_setup_ns": 322, "host_staging_ns": 1541, "host_launch_ns": 4702, "host_wait_ns": 1023771, "cuda_graph_span_ns": 1025887.966, "event_status": 0, "launch_status": 0, "completion_status": 0}
{"schema": "riley.owned-graph-diagnostic.v1", "kind": "read", "capture_id": 2, "replay_id": 501, "host_read_bytes": 98344, "host_read_ns": 5089}
{"schema": "riley.owned-graph-diagnostic.v1", "kind": "replay", "capture_id": 2, "replay_id": 502, "position": 148, "host_staging_bytes": 98344, "event_setup_ns": 293, "host_staging_ns": 1532, "host_launch_ns": 4647, "host_wait_ns": 1017492, "cuda_graph_span_ns": 1019647.956, "event_status": 0, "launch_status": 0, "completion_status": 0}
{"schema": "riley.owned-graph-diagnostic.v1", "kind": "read", "capture_id": 2, "replay_id": 502, "host_read_bytes": 98344, "host_read_ns": 5096}
{"schema": "riley.owned-graph-diagnostic.v1", "kind": "replay", "capture_id": 2, "replay_id": 503, "position": 149, "host_staging_bytes": 98344, "event_setup_ns": 721, "host_staging_ns": 1631, "host_launch_ns": 6031, "host_wait_ns": 1015254, "cuda_graph_span_ns": 1019104.004, "event_status": 0, "launch_status": 0, "completion_status": 0}
{"schema": "riley.owned-graph-diagnostic.v1", "kind": "read", "capture_id": 2, "replay_id": 503, "host_read_bytes": 98344, "host_read_ns": 5089}
{"schema": "riley.owned-graph-diagnostic.v1", "kind": "replay", "capture_id": 2, "replay_id": 504, "position": 150, "host_staging_bytes": 98344, "event_setup_ns": 309, "host_staging_ns": 1568, "host_launch_ns": 4886, "host_wait_ns": 1015140, "cuda_graph_span_ns": 1017439.961, "event_status": 0, "launch_status": 0, "completion_status": 0}
{"schema": "riley.owned-graph-diagnostic.v1", "kind": "read", "capture_id": 2, "replay_id": 504, "host_read_bytes": 98344, "host_read_ns": 5623}
{"schema": "riley.owned-graph-diagnostic.v1", "kind": "replay", "capture_id": 2, "replay_id": 505, "position": 151, "host_staging_bytes": 98344, "event_setup_ns": 558, "host_staging_ns": 1628, "host_launch_ns": 5315, "host_wait_ns": 1018549, "cuda_graph_span_ns": 1021343.946, "event_status": 0, "launch_status": 0, "completion_status": 0}
{"schema": "riley.owned-graph-diagnostic.v1", "kind": "read", "capture_id": 2, "replay_id": 505, "host_read_bytes": 98344, "host_read_ns": 4688}
{"schema": "riley.owned-graph-diagnostic.v1", "kind": "replay", "capture_id": 2, "replay_id": 506, "position": 152, "host_staging_bytes": 98344, "event_setup_ns": 352, "host_staging_ns": 1576, "host_launch_ns": 5064, "host_wait_ns": 1016530, "cuda_graph_span_ns": 1018784.046, "event_status": 0, "launch_status": 0, "completion_status": 0}
{"schema": "riley.owned-graph-diagnostic.v1", "kind": "read", "capture_id": 2, "replay_id": 506, "host_read_bytes": 98344, "host_read_ns": 6014}
{"schema": "riley.owned-graph-diagnostic.v1", "kind": "replay", "capture_id": 2, "replay_id": 507, "position": 153, "host_staging_bytes": 98344, "event_setup_ns": 300, "host_staging_ns": 1545, "host_launch_ns": 4611, "host_wait_ns": 1024621, "cuda_graph_span_ns": 1026528.001, "event_status": 0, "launch_status": 0, "completion_status": 0}
{"schema": "riley.owned-graph-diagnostic.v1", "kind": "read", "capture_id": 2, "replay_id": 507, "host_read_bytes": 98344, "host_read_ns": 5286}
{"schema": "riley.owned-graph-diagnostic.v1", "kind": "replay", "capture_id": 2, "replay_id": 508, "position": 154, "host_staging_bytes": 98344, "event_setup_ns": 363, "host_staging_ns": 1545, "host_launch_ns": 5266, "host_wait_ns": 1017820, "cuda_graph_span_ns": 1020735.979, "event_status": 0, "launch_status": 0, "completion_status": 0}
{"schema": "riley.owned-graph-diagnostic.v1", "kind": "read", "capture_id": 2, "replay_id": 508, "host_read_bytes": 98344, "host_read_ns": 4615}
{"schema": "riley.owned-graph-diagnostic.v1", "kind": "replay", "capture_id": 2, "replay_id": 509, "position": 155, "host_staging_bytes": 98344, "event_setup_ns": 308, "host_staging_ns": 1559, "host_launch_ns": 4636, "host_wait_ns": 1032803, "cuda_graph_span_ns": 1033408.046, "event_status": 0, "launch_status": 0, "completion_status": 0}
{"schema": "riley.owned-graph-diagnostic.v1", "kind": "read", "capture_id": 2, "replay_id": 509, "host_read_bytes": 98344, "host_read_ns": 10665}
{"schema": "riley.owned-graph-diagnostic.v1", "kind": "replay", "capture_id": 2, "replay_id": 510, "position": 156, "host_staging_bytes": 98344, "event_setup_ns": 2559, "host_staging_ns": 4747, "host_launch_ns": 16945, "host_wait_ns": 1013693, "cuda_graph_span_ns": 1029312.015, "event_status": 0, "launch_status": 0, "completion_status": 0}
{"schema": "riley.owned-graph-diagnostic.v1", "kind": "read", "capture_id": 2, "replay_id": 510, "host_read_bytes": 98344, "host_read_ns": 13996}
{"schema": "riley.owned-graph-diagnostic.v1", "kind": "replay", "capture_id": 2, "replay_id": 511, "position": 157, "host_staging_bytes": 98344, "event_setup_ns": 1584, "host_staging_ns": 3773, "host_launch_ns": 11200, "host_wait_ns": 1017457, "cuda_graph_span_ns": 1026911.974, "event_status": 0, "launch_status": 0, "completion_status": 0}
{"schema": "riley.owned-graph-diagnostic.v1", "kind": "read", "capture_id": 2, "replay_id": 511, "host_read_bytes": 98344, "host_read_ns": 9453}
{"schema": "riley.owned-graph-diagnostic.v1", "kind": "replay", "capture_id": 2, "replay_id": 512, "position": 158, "host_staging_bytes": 98344, "event_setup_ns": 1425, "host_staging_ns": 3665, "host_launch_ns": 9867, "host_wait_ns": 1022327, "cuda_graph_span_ns": 1030400.038, "event_status": 0, "launch_status": 0, "completion_status": 0}
{"schema": "riley.owned-graph-diagnostic.v1", "kind": "read", "capture_id": 2, "replay_id": 512, "host_read_bytes": 98344, "host_read_ns": 14191}
