    Checking typenum v1.20.1
    Checking serde_core v1.0.228
    Checking tinyvec_macros v0.1.1
    Checking ryu v1.0.23
    Checking tinyvec v1.12.0
    Checking cpufeatures v0.3.0
    Checking memchr v2.8.3
    Checking cfg-if v1.0.4
    Checking itoa v1.0.18
    Checking riley-core v0.1.0 (/tmp/riley-opt-260912/hardware-validation-source/crates/riley-core)
    Checking riley-tensor v0.1.0 (/tmp/riley-opt-260912/hardware-validation-source/crates/riley-tensor)
    Checking unicode-normalization v0.1.25
    Checking hybrid-array v0.4.14
    Checking crypto-common v0.2.2
    Checking block-buffer v0.12.1
    Checking serde v1.0.228
    Checking serde_json v1.0.145
    Checking digest v0.11.3
    Checking sha2 v0.11.0
    Checking riley-model v0.1.0 (/tmp/riley-opt-260912/hardware-validation-source/crates/riley-model)
    Checking riley-runtime v0.1.0 (/tmp/riley-opt-260912/hardware-validation-source/crates/riley-runtime)
    Finished `dev` profile [unoptimized + debuginfo] target(s) in 2.08s
